step 50/2000 loss 1.7984
step 50/2000 loss 1.7978
step 50/2000 loss 1.7956
step 50/2000 loss 1.8001
step 50/2000 loss 1.7980
step 50/2000 loss 1.7963
step 50/2000 loss 1.7950
step 50/2000 loss 1.7948
step 100/2000 loss 1.7043
step 100/2000 loss 1.7039
step 100/2000 loss 1.7027
step 100/2000 loss 1.7019
step 100/2000 loss 1.7011
step 100/2000 loss 1.7002
step 100/2000 loss 1.6991
step 100/2000 loss 1.6989
step 150/2000 loss 1.6262
step 150/2000 loss 1.6265
step 150/2000 loss 1.6263
step 150/2000 loss 1.6261
step 150/2000 loss 1.6252
step 150/2000 loss 1.6243
step 150/2000 loss 1.6242
step 150/2000 loss 1.6249
step 200/2000 loss 1.5818
step 200/2000 loss 1.5818
step 200/2000 loss 1.5816
step 200/2000 loss 1.5812
step 200/2000 loss 1.5810
step 200/2000 loss 1.5808
step 200/2000 loss 1.5810
step 200/2000 loss 1.5816
step 250/2000 loss 1.5503
step 250/2000 loss 1.5501
step 250/2000 loss 1.5502
step 250/2000 loss 1.5504
step 250/2000 loss 1.5510
step 250/2000 loss 1.5513
step 250/2000 loss 1.5512
step 250/2000 loss 1.5510
step 300/2000 loss 1.5346
step 300/2000 loss 1.5346
step 300/2000 loss 1.5342
step 300/2000 loss 1.5344
step 300/2000 loss 1.5340
step 300/2000 loss 1.5338
step 300/2000 loss 1.5341
step 300/2000 loss 1.5335
step 350/2000 loss 1.5178
step 350/2000 loss 1.5182
step 350/2000 loss 1.5184
step 350/2000 loss 1.5183
step 350/2000 loss 1.5185
step 350/2000 loss 1.5189
step 350/2000 loss 1.5188
step 350/2000 loss 1.5185
step 400/2000 loss 1.5055
step 400/2000 loss 1.5053
step 400/2000 loss 1.5050
step 400/2000 loss 1.5053
step 400/2000 loss 1.5059
step 400/2000 loss 1.5059
step 400/2000 loss 1.5056
step 400/2000 loss 1.5054
step 450/2000 loss 1.4917
step 450/2000 loss 1.4916
step 450/2000 loss 1.4914
step 450/2000 loss 1.4914
step 450/2000 loss 1.4915
step 450/2000 loss 1.4914
step 450/2000 loss 1.4913
step 450/2000 loss 1.4910
step 500/2000 loss 1.4820
step 500/2000 loss 1.4824
step 500/2000 loss 1.4825
step 500/2000 loss 1.4823
step 500/2000 loss 1.4825
step 500/2000 loss 1.4824
step 500/2000 loss 1.4827
step 500/2000 loss 1.4828
step 550/2000 loss 1.4709
step 550/2000 loss 1.4707
step 550/2000 loss 1.4707
step 550/2000 loss 1.4709
step 550/2000 loss 1.4712
step 550/2000 loss 1.4712
step 550/2000 loss 1.4711
step 550/2000 loss 1.4709
step 600/2000 loss 1.4699
step 600/2000 loss 1.4699
step 600/2000 loss 1.4703
step 600/2000 loss 1.4703
step 600/2000 loss 1.4702
step 600/2000 loss 1.4703
step 600/2000 loss 1.4702
step 600/2000 loss 1.4700
step 650/2000 loss 1.4592
step 650/2000 loss 1.4591
step 650/2000 loss 1.4592
step 650/2000 loss 1.4595
step 650/2000 loss 1.4597
step 650/2000 loss 1.4598
step 650/2000 loss 1.4599
step 650/2000 loss 1.4597
step 700/2000 loss 1.4493
step 700/2000 loss 1.4496
step 700/2000 loss 1.4500
step 700/2000 loss 1.4501
step 700/2000 loss 1.4501
step 700/2000 loss 1.4500
step 700/2000 loss 1.4500
step 700/2000 loss 1.4500
step 750/2000 loss 1.4387
step 750/2000 loss 1.4387
step 750/2000 loss 1.4387
step 750/2000 loss 1.4385
step 750/2000 loss 1.4388
step 750/2000 loss 1.4388
step 750/2000 loss 1.4388
step 750/2000 loss 1.4387
step 800/2000 loss 1.4339
step 800/2000 loss 1.4338
step 800/2000 loss 1.4336
step 800/2000 loss 1.4337
step 800/2000 loss 1.4337
step 800/2000 loss 1.4336
step 800/2000 loss 1.4338
step 800/2000 loss 1.4340
step 850/2000 loss 1.4256
step 850/2000 loss 1.4255
step 850/2000 loss 1.4254
step 850/2000 loss 1.4255
step 850/2000 loss 1.4253
step 850/2000 loss 1.4252
step 850/2000 loss 1.4252
step 850/2000 loss 1.4251
step 900/2000 loss 1.4226
step 900/2000 loss 1.4225
step 900/2000 loss 1.4223
step 900/2000 loss 1.4224
step 900/2000 loss 1.4224
step 900/2000 loss 1.4222
step 900/2000 loss 1.4223
step 900/2000 loss 1.4222
step 950/2000 loss 1.4152
step 950/2000 loss 1.4152
step 950/2000 loss 1.4152
step 950/2000 loss 1.4152
step 950/2000 loss 1.4152
step 950/2000 loss 1.4152
step 950/2000 loss 1.4151
step 950/2000 loss 1.4150
step 1000/2000 loss 1.4145
step 1000/2000 loss 1.4147
step 1000/2000 loss 1.4147
step 1000/2000 loss 1.4147
ep 1/2 train 1.4147 val 1.3607 504s
step 1000/2000 loss 0.8202
step 1000/2000 loss 0.8599
step 1000/2000 loss 0.9378
step 1000/2000 loss 1.0164
step 1000/2000 loss 1.0830
step 1000/2000 loss 1.0511
step 1000/2000 loss 1.0133
step 1050/2000 loss 1.3512
step 1050/2000 loss 1.3513
step 1050/2000 loss 1.3500
step 1050/2000 loss 1.3551
step 1050/2000 loss 1.3535
step 1050/2000 loss 1.3526
step 1050/2000 loss 1.3517
step 1050/2000 loss 1.3519
step 1100/2000 loss 1.3800
step 1100/2000 loss 1.3800
step 1100/2000 loss 1.3791
step 1100/2000 loss 1.3786
step 1100/2000 loss 1.3781
step 1100/2000 loss 1.3773
step 1100/2000 loss 1.3766
step 1100/2000 loss 1.3767
step 1150/2000 loss 1.3740
step 1150/2000 loss 1.3744
step 1150/2000 loss 1.3743
step 1150/2000 loss 1.3743
step 1150/2000 loss 1.3736
step 1150/2000 loss 1.3729
step 1150/2000 loss 1.3729
step 1150/2000 loss 1.3739
step 1200/2000 loss 1.3791
step 1200/2000 loss 1.3793
step 1200/2000 loss 1.3791
step 1200/2000 loss 1.3788
step 1200/2000 loss 1.3788
step 1200/2000 loss 1.3787
step 1200/2000 loss 1.3790
step 1200/2000 loss 1.3797
step 1250/2000 loss 1.3829
step 1250/2000 loss 1.3828
step 1250/2000 loss 1.3830
step 1250/2000 loss 1.3832
step 1250/2000 loss 1.3839
step 1250/2000 loss 1.3842
step 1250/2000 loss 1.3842
step 1250/2000 loss 1.3841
step 1300/2000 loss 1.3938
step 1300/2000 loss 1.3938
step 1300/2000 loss 1.3935
step 1300/2000 loss 1.3938
step 1300/2000 loss 1.3935
step 1300/2000 loss 1.3933
step 1300/2000 loss 1.3936
step 1300/2000 loss 1.3932
step 1350/2000 loss 1.4007
step 1350/2000 loss 1.4012
step 1350/2000 loss 1.4014
step 1350/2000 loss 1.4014
step 1350/2000 loss 1.4017
step 1350/2000 loss 1.4021
step 1350/2000 loss 1.4020
step 1350/2000 loss 1.4018
step 1400/2000 loss 1.4079
step 1400/2000 loss 1.4077
step 1400/2000 loss 1.4075
step 1400/2000 loss 1.4078
step 1400/2000 loss 1.4082
step 1400/2000 loss 1.4083
step 1400/2000 loss 1.4080
step 1400/2000 loss 1.4079
step 1450/2000 loss 1.4094
step 1450/2000 loss 1.4093
step 1450/2000 loss 1.4092
step 1450/2000 loss 1.4091
step 1450/2000 loss 1.4093
step 1450/2000 loss 1.4093
step 1450/2000 loss 1.4092
step 1450/2000 loss 1.4089
step 1500/2000 loss 1.4143
step 1500/2000 loss 1.4147
step 1500/2000 loss 1.4149
step 1500/2000 loss 1.4147
step 1500/2000 loss 1.4149
step 1500/2000 loss 1.4148
step 1500/2000 loss 1.4152
step 1500/2000 loss 1.4153
step 1550/2000 loss 1.4163
step 1550/2000 loss 1.4161
step 1550/2000 loss 1.4161
step 1550/2000 loss 1.4163
step 1550/2000 loss 1.4167
step 1550/2000 loss 1.4167
step 1550/2000 loss 1.4166
step 1550/2000 loss 1.4165
step 1600/2000 loss 1.4272
step 1600/2000 loss 1.4272
step 1600/2000 loss 1.4276
step 1600/2000 loss 1.4277
step 1600/2000 loss 1.4277
step 1600/2000 loss 1.4278
step 1600/2000 loss 1.4277
step 1600/2000 loss 1.4276
step 1650/2000 loss 1.4270
step 1650/2000 loss 1.4270
step 1650/2000 loss 1.4270
step 1650/2000 loss 1.4274
step 1650/2000 loss 1.4277
step 1650/2000 loss 1.4277
step 1650/2000 loss 1.4279
step 1650/2000 loss 1.4277
step 1700/2000 loss 1.4262
step 1700/2000 loss 1.4265
step 1700/2000 loss 1.4269
step 1700/2000 loss 1.4270
step 1700/2000 loss 1.4270
step 1700/2000 loss 1.4270
step 1700/2000 loss 1.4271
step 1700/2000 loss 1.4270
step 1750/2000 loss 1.4243
step 1750/2000 loss 1.4243
step 1750/2000 loss 1.4243
step 1750/2000 loss 1.4242
step 1750/2000 loss 1.4244
step 1750/2000 loss 1.4245
step 1750/2000 loss 1.4245
step 1750/2000 loss 1.4244
step 1800/2000 loss 1.4270
step 1800/2000 loss 1.4269
step 1800/2000 loss 1.4268
step 1800/2000 loss 1.4268
step 1800/2000 loss 1.4269
step 1800/2000 loss 1.4268
step 1800/2000 loss 1.4270
step 1800/2000 loss 1.4272
step 1850/2000 loss 1.4256
step 1850/2000 loss 1.4255
step 1850/2000 loss 1.4254
step 1850/2000 loss 1.4255
step 1850/2000 loss 1.4254
step 1850/2000 loss 1.4253
step 1850/2000 loss 1.4253
step 1850/2000 loss 1.4252
step 1900/2000 loss 1.4289
step 1900/2000 loss 1.4288
step 1900/2000 loss 1.4287
step 1900/2000 loss 1.4287
step 1900/2000 loss 1.4288
step 1900/2000 loss 1.4286
step 1900/2000 loss 1.4287
step 1900/2000 loss 1.4287
step 1950/2000 loss 1.4273
step 1950/2000 loss 1.4273
step 1950/2000 loss 1.4273
step 1950/2000 loss 1.4273
step 1950/2000 loss 1.4273
step 1950/2000 loss 1.4274
step 1950/2000 loss 1.4273
step 1950/2000 loss 1.4271
step 2000/2000 loss 1.4314
step 2000/2000 loss 1.4316
[rank0]: torch.AcceleratorError: CUDA error: Invalid access of peer GPU memory over nvlink or a hardware error
[rank0]:[E824 17:03:19.658785716 ProcessGroupNCCL.cpp:2119] [PG ID 0 PG GUID 0(default_pg) Rank 0] Process group watchdog thread terminated with exception: CUDA error: Invalid access of peer GPU memory over nvlink or a hardware error
  what():  [PG ID 0 PG GUID 0(default_pg) Rank 0] Process group watchdog thread terminated with exception: CUDA error: Invalid access of peer GPU memory over nvlink or a hardware error
