mix: 3647072 rows = 14.94B tokens scheduled
params 206.1M | tokens 521010 | seqs 521010 | device cuda:0 | world 7 | fa True | fp8 True
cfg batch 16 accum 2 seq 4096 grad_ckpt False doc_mask True attn_res True/0 softcap 15.0 warmup 300 epochs 1 lr_scale 1.0 mix data/mix_15b_stage1.json fone False seed 42 sample_seed 42 (follows seed) warmdown 0.0 anneal_frac 0.0 val_every 500 attn_every 4
step 10/16281 0% [main] | loss 7.620 | lr 3.33e-04 | gnorm 1.74 | 0.01B tok | 32K tok/s/gpu | MFU 14% | ETA 18.3h
step 20/16281 0% [main] | loss 5.941 | lr 6.67e-04 | gnorm 0.65 | 0.02B tok | 77K tok/s/gpu | MFU 32% | ETA 7.7h
step 30/16281 0% [main] | loss 5.661 | lr 1.00e-03 | gnorm 1.43 | 0.03B tok | 77K tok/s/gpu | MFU 32% | ETA 7.7h
step 40/16281 0% [main] | loss 5.096 | lr 1.33e-03 | gnorm 1.38 | 0.04B tok | 77K tok/s/gpu | MFU 32% | ETA 7.7h
step 50/16281 0% [main] | loss 4.590 | lr 1.67e-03 | gnorm 2.20 | 0.05B tok | 77K tok/s/gpu | MFU 32% | ETA 7.7h
step 60/16281 0% [main] | loss 4.877 | lr 2.00e-03 | gnorm 1.76 | 0.06B tok | 77K tok/s/gpu | MFU 32% | ETA 7.7h
step 70/16281 0% [main] | loss 4.482 | lr 2.33e-03 | gnorm 2.38 | 0.06B tok | 77K tok/s/gpu | MFU 32% | ETA 7.7h
step 80/16281 0% [main] | loss 4.810 | lr 2.67e-03 | gnorm 1.93 | 0.07B tok | 57K tok/s/gpu | MFU 24% | ETA 10.3h
step 90/16281 1% [main] | loss 4.434 | lr 3.00e-03 | gnorm 3.97 | 0.08B tok | 77K tok/s/gpu | MFU 32% | ETA 7.6h
step 100/16281 1% [main] | loss 4.631 | lr 3.33e-03 | gnorm 2.81 | 0.09B tok | 77K tok/s/gpu | MFU 32% | ETA 7.6h
step 110/16281 1% [main] | loss 4.470 | lr 3.67e-03 | gnorm 4.56 | 0.10B tok | 77K tok/s/gpu | MFU 32% | ETA 7.6h
step 120/16281 1% [main] | loss 4.444 | lr 4.00e-03 | gnorm 3.88 | 0.11B tok | 77K tok/s/gpu | MFU 32% | ETA 7.6h
step 130/16281 1% [main] | loss 3.697 | lr 4.33e-03 | gnorm 4.19 | 0.12B tok | 77K tok/s/gpu | MFU 32% | ETA 7.6h
step 140/16281 1% [main] | loss 3.915 | lr 4.67e-03 | gnorm 4.97 | 0.13B tok | 77K tok/s/gpu | MFU 32% | ETA 7.6h
step 150/16281 1% [main] | loss 3.559 | lr 5.00e-03 | gnorm 4.41 | 0.14B tok | 77K tok/s/gpu | MFU 32% | ETA 7.6h
step 160/16281 1% [main] | loss 3.969 | lr 5.33e-03 | gnorm 5.25 | 0.15B tok | 77K tok/s/gpu | MFU 32% | ETA 7.6h
step 170/16281 1% [main] | loss 3.623 | lr 5.67e-03 | gnorm 3.78 | 0.16B tok | 77K tok/s/gpu | MFU 32% | ETA 7.6h
step 180/16281 1% [main] | loss 2.632 | lr 6.00e-03 | gnorm 1.40 | 0.17B tok | 77K tok/s/gpu | MFU 32% | ETA 7.6h
step 190/16281 1% [main] | loss 3.774 | lr 6.33e-03 | gnorm 1.87 | 0.17B tok | 77K tok/s/gpu | MFU 32% | ETA 7.6h
step 200/16281 1% [main] | loss 3.040 | lr 6.67e-03 | gnorm 3.95 | 0.18B tok | 74K tok/s/gpu | MFU 31% | ETA 7.9h
step 210/16281 1% [main] | loss 3.152 | lr 7.00e-03 | gnorm 2.25 | 0.19B tok | 77K tok/s/gpu | MFU 32% | ETA 7.6h
step 220/16281 1% [main] | loss 2.887 | lr 7.33e-03 | gnorm 1.66 | 0.20B tok | 77K tok/s/gpu | MFU 32% | ETA 7.6h
step 230/16281 1% [main] | loss 2.951 | lr 7.67e-03 | gnorm 1.35 | 0.21B tok | 77K tok/s/gpu | MFU 32% | ETA 7.6h
step 240/16281 1% [main] | loss 3.274 | lr 8.00e-03 | gnorm 1.26 | 0.22B tok | 77K tok/s/gpu | MFU 32% | ETA 7.6h
step 250/16281 2% [main] | loss 3.180 | lr 8.33e-03 | gnorm 0.82 | 0.23B tok | 77K tok/s/gpu | MFU 32% | ETA 7.6h
step 260/16281 2% [main] | loss 3.310 | lr 8.67e-03 | gnorm 0.95 | 0.24B tok | 77K tok/s/gpu | MFU 32% | ETA 7.6h
step 270/16281 2% [main] | loss 2.769 | lr 9.00e-03 | gnorm 1.05 | 0.25B tok | 77K tok/s/gpu | MFU 32% | ETA 7.6h
step 280/16281 2% [main] | loss 3.051 | lr 9.33e-03 | gnorm 1.21 | 0.26B tok | 77K tok/s/gpu | MFU 32% | ETA 7.6h
step 290/16281 2% [main] | loss 2.721 | lr 9.67e-03 | gnorm 0.91 | 0.27B tok | 77K tok/s/gpu | MFU 32% | ETA 7.6h
step 300/16281 2% [main] | loss 3.267 | lr 1.00e-02 | gnorm 1.47 | 0.28B tok | 77K tok/s/gpu | MFU 32% | ETA 7.6h
step 310/16281 2% [main] | loss 2.689 | lr 1.00e-02 | gnorm 0.59 | 0.28B tok | 75K tok/s/gpu | MFU 31% | ETA 7.7h
step 320/16281 2% [main] | loss 2.425 | lr 1.00e-02 | gnorm 1.69 | 0.29B tok | 77K tok/s/gpu | MFU 32% | ETA 7.6h
step 330/16281 2% [main] | loss 2.282 | lr 1.00e-02 | gnorm 0.68 | 0.30B tok | 77K tok/s/gpu | MFU 32% | ETA 7.6h
step 340/16281 2% [main] | loss 2.387 | lr 1.00e-02 | gnorm 0.54 | 0.31B tok | 77K tok/s/gpu | MFU 32% | ETA 7.6h
step 350/16281 2% [main] | loss 3.004 | lr 1.00e-02 | gnorm 0.69 | 0.32B tok | 77K tok/s/gpu | MFU 32% | ETA 7.6h
step 360/16281 2% [main] | loss 3.360 | lr 1.00e-02 | gnorm 0.74 | 0.33B tok | 77K tok/s/gpu | MFU 32% | ETA 7.5h
step 370/16281 2% [main] | loss 2.643 | lr 1.00e-02 | gnorm 0.59 | 0.34B tok | 77K tok/s/gpu | MFU 32% | ETA 7.6h
step 380/16281 2% [main] | loss 2.586 | lr 1.00e-02 | gnorm 0.59 | 0.35B tok | 77K tok/s/gpu | MFU 32% | ETA 7.5h
step 390/16281 2% [main] | loss 2.839 | lr 1.00e-02 | gnorm 0.39 | 0.36B tok | 77K tok/s/gpu | MFU 32% | ETA 7.5h
step 400/16281 2% [main] | loss 2.127 | lr 1.00e-02 | gnorm 1.10 | 0.37B tok | 74K tok/s/gpu | MFU 31% | ETA 7.8h
step 410/16281 3% [main] | loss 2.648 | lr 1.00e-02 | gnorm 0.61 | 0.38B tok | 77K tok/s/gpu | MFU 32% | ETA 7.5h
step 420/16281 3% [main] | loss 2.265 | lr 1.00e-02 | gnorm 0.31 | 0.39B tok | 77K tok/s/gpu | MFU 32% | ETA 7.5h
step 430/16281 3% [main] | loss 2.827 | lr 1.00e-02 | gnorm 0.60 | 0.39B tok | 77K tok/s/gpu | MFU 32% | ETA 7.5h
step 440/16281 3% [main] | loss 2.407 | lr 1.00e-02 | gnorm 0.80 | 0.40B tok | 77K tok/s/gpu | MFU 32% | ETA 7.5h
step 450/16281 3% [main] | loss 2.561 | lr 1.00e-02 | gnorm 0.65 | 0.41B tok | 77K tok/s/gpu | MFU 32% | ETA 7.5h
step 460/16281 3% [main] | loss 2.729 | lr 1.00e-02 | gnorm 0.24 | 0.42B tok | 77K tok/s/gpu | MFU 32% | ETA 7.5h
step 470/16281 3% [main] | loss 2.341 | lr 1.00e-02 | gnorm 0.66 | 0.43B tok | 77K tok/s/gpu | MFU 32% | ETA 7.5h
step 480/16281 3% [main] | loss 2.632 | lr 1.00e-02 | gnorm 0.71 | 0.44B tok | 77K tok/s/gpu | MFU 32% | ETA 7.5h
step 490/16281 3% [main] | loss 2.106 | lr 1.00e-02 | gnorm 0.36 | 0.45B tok | 77K tok/s/gpu | MFU 32% | ETA 7.5h
step 500/16281 val 2.928
step 500/16281 3% [main] | loss 2.191 | lr 1.00e-02 | gnorm 0.89 | 0.46B tok | 42K tok/s/gpu | MFU 17% | ETA 13.7h
step 510/16281 3% [main] | loss 2.288 | lr 1.00e-02 | gnorm 0.33 | 0.47B tok | 75K tok/s/gpu | MFU 31% | ETA 7.6h
step 520/16281 3% [main] | loss 2.166 | lr 1.00e-02 | gnorm 0.45 | 0.48B tok | 77K tok/s/gpu | MFU 32% | ETA 7.5h
step 530/16281 3% [main] | loss 2.115 | lr 1.00e-02 | gnorm 0.70 | 0.49B tok | 77K tok/s/gpu | MFU 32% | ETA 7.5h
step 540/16281 3% [main] | loss 2.244 | lr 1.00e-02 | gnorm 0.36 | 0.50B tok | 77K tok/s/gpu | MFU 32% | ETA 7.5h
step 550/16281 3% [main] | loss 3.021 | lr 1.00e-02 | gnorm 0.61 | 0.50B tok | 77K tok/s/gpu | MFU 32% | ETA 7.5h
step 560/16281 3% [main] | loss 2.376 | lr 1.00e-02 | gnorm 0.77 | 0.51B tok | 77K tok/s/gpu | MFU 32% | ETA 7.5h
step 570/16281 4% [main] | loss 2.689 | lr 1.00e-02 | gnorm 1.09 | 0.52B tok | 77K tok/s/gpu | MFU 32% | ETA 7.5h
step 580/16281 4% [main] | loss 1.862 | lr 1.00e-02 | gnorm 0.37 | 0.53B tok | 77K tok/s/gpu | MFU 32% | ETA 7.4h
step 590/16281 4% [main] | loss 2.529 | lr 1.00e-02 | gnorm 0.51 | 0.54B tok | 77K tok/s/gpu | MFU 32% | ETA 7.4h
step 600/16281 4% [main] | loss 2.233 | lr 1.00e-02 | gnorm 0.36 | 0.55B tok | 75K tok/s/gpu | MFU 31% | ETA 7.6h
step 610/16281 4% [main] | loss 1.978 | lr 1.00e-02 | gnorm 0.37 | 0.56B tok | 77K tok/s/gpu | MFU 32% | ETA 7.4h
step 620/16281 4% [main] | loss 2.315 | lr 1.00e-02 | gnorm 0.39 | 0.57B tok | 77K tok/s/gpu | MFU 32% | ETA 7.4h
step 630/16281 4% [main] | loss 2.408 | lr 1.00e-02 | gnorm 0.86 | 0.58B tok | 77K tok/s/gpu | MFU 32% | ETA 7.4h
step 640/16281 4% [main] | loss 2.639 | lr 1.00e-02 | gnorm 0.79 | 0.59B tok | 77K tok/s/gpu | MFU 32% | ETA 7.4h
step 650/16281 4% [main] | loss 2.328 | lr 1.00e-02 | gnorm 0.33 | 0.60B tok | 77K tok/s/gpu | MFU 32% | ETA 7.4h
step 660/16281 4% [main] | loss 2.327 | lr 1.00e-02 | gnorm 0.88 | 0.61B tok | 77K tok/s/gpu | MFU 32% | ETA 7.4h
step 670/16281 4% [main] | loss 2.342 | lr 1.00e-02 | gnorm 0.31 | 0.61B tok | 77K tok/s/gpu | MFU 32% | ETA 7.4h
# END OF SNAPSHOT -- committed excerpt, 8,048B of the pod's 3,819,506B. NOT the whole log.
# the run reached step 16281; this copy stops at 670, so its last line is NOT where the run ended.
# Cited by eff.ab_throughput_statistic. Live/full copy: ~/bin/pod "cd /work/aupai && tail -40 runs/ab_base_a_first.log".
