scoring on cuda:0 (94.9 GiB free of 1 visible card(s))

ckpt_ab_untiehead_untiehead.pt.ep1  type=base  9 metrics
  model           ... loading
  model           loaded
  domain_loss     ... running
  domain_loss     {'math_owm_stage2': {'loss': 2.4398, 'tokens': 262144, 'head_fp': '8384513b6387c6ee'}, 'en_c4_stage2': {'loss': 3.5317, 'tokens': 262144, 'head_fp': 'a24087cbd665826c'}, 'cot': {'loss': 1.5423, 'tokens': 262144, 'head_fp': '3160d1b11d04e9b8'}, 'textbook_30b': {'loss': 2.899, 'tokens': 262144, 'head_fp': 'e3793a1a373e4f78'}, 'chatml': {'loss': 3.7181, 'tokens': 262144, 'head_fp': 'c49fae903164c9ed'}, 'chat_qa': {'loss': 3.7251, 'tokens': 262144, 'head_fp': '27c850ac279d2afb'}, 'zh_web': {'loss': 5.1001, 'tokens': 262144, 'head_fp': 'ee53dcc1b598e4f3'}, 'code_py_starcoder': {'loss': 1.5622, 'tokens': 262144, 'head_fp': 'e0cda89e72545824'}, 'code_py_rp1t': {'loss': 1.5478, 'tokens': 262144, 'head_fp': 'eba5b86b71371330'}, 'unweighted_mean': 2.8962, '_split': 'val', '_wall_s': 127.6} (127.6s)
  minimal_pairs   ... running
  minimal_pairs   {'ckpt': 'ckpt_ab_untiehead_untiehead.pt.ep1', 'n_params': 239.748168, 'swap': False, 'n_pairs': 277, 'skipped': {'word_order': 1, 'classifier': 14, 'function_word': 9, 'factual': 2}, 'dimensions': {'classifier': {'acc': 0.7380952380952381, 'n': 42}, 'factual': {'acc': 0.625, 'n': 16}, 'function_word': {'acc': 0.95, 'n': 20}, 'numeric': {'acc': 0.54, 'n': 100}, 'word_order': {'acc': 0.696969696969697, 'n': 99}}, 'overall': 0.6606498194945848, 'mean_margin_nats': 1.6181129910024925, '_wall_s': 15.5} (15.5s)
  mc_ceval        ... running
  mc_ceval        {'C-Eval (zh)': 23.8, 'Average': 23.8, '_wall_s': 21.5} (21.5s)
  lambada_zh      ... running
  lambada_zh      {'ckpt': 'ckpt_ab_untiehead_untiehead.pt.ep1', 'n_params': 239.748168, 'swap': False, 'n_items': 1000, 'provenance': ['lambada_zh_src.jsonl'], 'open_acc1': 0.106, 'open_acc5': 0.275, 'two_way_acc': 0.8361169099807739, '_wall_s': 21.3} (21.3s)
  math_v2_like    ... running
  math_v2_like    {'ckpt': 'ckpt_ab_untiehead_untiehead.pt.ep1', 'n_params': 239.748168, 'swap': False, 'n_items': 3012, 'skipped': {'no_digit': 0, 'tok_len': 149, 'no_boxed': 0}, 'overall': 0.9186586985391766, 'families': {'abs_equation': {'acc': 1.0, 'n': 223}, 'cryptarithm': {'acc': 1.0, 'n': 220}, 'factorize': {'acc': 1.0, 'n': 95}, 'floor_gauss': {'acc': 0.7178571224212646, 'n': 280}, 'fractional_eq': {'acc': 1.0, 'n': 275}, 'hound_hare': {'acc': 0.95652174949646, 'n': 161}, 'inverse_prop': {'acc': 0.9788732528686523, 'n': 142}, 'linear_func': {'acc': 0.9890109896659851, 'n': 273}, 'number_array_cross': {'acc': 1.0, 'n': 3}, 'number_line_moving': {'acc': 0.6218181848526001, 'n': 275}, 'perfect_square_pattern': {'acc': 1.0, 'n': 10}, 'pythagoras': {'acc': 0.90625, 'n': 128}, 'quadratic': {'acc': 0.9927536249160767, 'n': 138}, 'quadratic_func': {'acc': 0.8607594966888428, 'n': 79}, 'right_triangle_3060': {'acc': 1.0, 'n': 26}, 'similar_triangle': {'acc': 0.9838709831237793, 'n': 124}, 'system_2var': {'acc': 0.9964285492897034, 'n': 280}, 'variance': {'acc': 0.9214285612106323, 'n': 280}}, '_wall_s': 22.6} (22.6s)
  domain_bpb      ... running
  domain_bpb      ERROR: domain_bpb.py exited 1: Retokenizing here would overwrite caches the live run reads and stamp them from this process's state, so the run's next resume retokenizes too. Warm the cache from the training path instead (`python d (11.1s)
  lambada_en      ... running
  lambada_en      {'ckpt': 'ckpt_ab_untiehead_untiehead.pt.ep1', 'hf': False, 'n_items': 5153, 'n_params': 239748168, 'n_params_non_embed': None, 'acc': 0.13002134678827867, 'binomial_se': 0.004685236922081681, 'ci95_halfwidth': 0.009183064367280095, 'empty_generations': 2, 'nll_per_byte_mean': 1.1774055836019381, 'reading': 'greedy continuation to first word boundary, exact string match (lm-eval-harness definition); tokenizer-independent', 'boundary': "The two readings measure different things and are EXPECTED to diverge: the greedy number has a decoder and a stop rule, the per-byte NLL has neither. See be.gold_bpb_falls_while_generation_scores_zero. Vocabulary fact, measured on this file's 5,111 eligible rows: 15.7% of last words are single-token under our tokenizer, 70.1% under Pythia's -- which is why this metric does not use a single-token reading.", '_wall_s': 970.7} (970.7s)
  humaneval_bpb   ... running
  humaneval_bpb   {'ckpt': 'ckpt_ab_untiehead_untiehead.pt.ep1', 'hf': False, 'n_tasks': 164, 'n_tasks_total': 164, 'n_params': 239748168, 'gold_bpb_per_task_mean': 0.9121795503212078, 'gold_bpb_byte_weighted': 0.756153304279858, 'total_solution_bytes': 29662, 'errors': [], 'reading': 'bits per UTF-8 byte of the canonical solution, teacher-forced, prompt carries no loss; cross-tokenizer comparable by construction', 'boundary': 'NOT a pass@k substitute: this says the real solution gets higher likelihood, not that the model would generate it. At 200M pass@k is 0 for both arms (be.gold_bpb_falls_while_generation_scores_zero: code_500 generative 0.0 across a ladder while gold BPB fell 1.087 -> 0.918), so this is the reading with resolution at this scale, and the two numbers must not be read as one.', '_wall_s': 21.0} (21.0s)
  l1_fewshot      ... running
  l1_fewshot      {'correct': 0, 'total': 497, 'acc': 0.0, 'binomial_delta': 0.06279858256227591, 'answer_present_rate': 0.002012072434607646, 'demos': 3, 'temperature': 0.0, 'preds_path': '/work/aupai/data/eval/preds_l1_d3_ckpt_ab_untiehead_untiehead.pt.ep1.jsonl', '_wall_s': 2134.3} (2134.3s)

ckpt_ab_untiehead_untiehead.pt.ep1  type=base
  domain_loss     mean=2.8962 across 11 domains
  minimal_pairs   {'ckpt': 'ckpt_ab_untiehead_untiehead.pt.ep1', 'n_params': 239.748168, 'swap': False, 'n_pairs': 277, 'skipped': {'word_order': 1, 'classifier': 14, 'function_word': 9, 'factual': 2}, 'dimensions': {'classifier': {'acc': 0.7380952380952381, 'n': 42}, 'factual': {'acc': 0.625, 'n': 16}, 'function_word': {'acc': 0.95, 'n': 20}, 'numeric': {'acc': 0.54, 'n': 100}, 'word_order': {'acc': 0.696969696969697, 'n': 99}}, 'overall': 0.6606498194945848, 'mean_margin_nats': 1.6181129910024925, '_wall_s': 15.5}
  mc_ceval        {'C-Eval (zh)': 23.8, 'Average': 23.8, '_wall_s': 21.5}
  lambada_zh      {'ckpt': 'ckpt_ab_untiehead_untiehead.pt.ep1', 'n_params': 239.748168, 'swap': False, 'n_items': 1000, 'provenance': ['lambada_zh_src.jsonl'], 'open_acc1': 0.106, 'open_acc5': 0.275, 'two_way_acc': 0.8361169099807739, '_wall_s': 21.3}
  math_v2_like    {'ckpt': 'ckpt_ab_untiehead_untiehead.pt.ep1', 'n_params': 239.748168, 'swap': False, 'n_items': 3012, 'skipped': {'no_digit': 0, 'tok_len': 149, 'no_boxed': 0}, 'overall': 0.9186586985391766, 'families': {'abs_equation': {'acc': 1.0, 'n': 223}, 'cryptarithm': {'acc': 1.0, 'n': 220}, 'factorize': {'acc': 1.0, 'n': 95}, 'floor_gauss': {'acc': 0.7178571224212646, 'n': 280}, 'fractional_eq': {'acc': 1.0, 'n': 275}, 'hound_hare': {'acc': 0.95652174949646, 'n': 161}, 'inverse_prop': {'acc': 0.9788732528686523, 'n': 142}, 'linear_func': {'acc': 0.9890109896659851, 'n': 273}, 'number_array_cross': {'acc': 1.0, 'n': 3}, 'number_line_moving': {'acc': 0.6218181848526001, 'n': 275}, 'perfect_square_pattern': {'acc': 1.0, 'n': 10}, 'pythagoras': {'acc': 0.90625, 'n': 128}, 'quadratic': {'acc': 0.9927536249160767, 'n': 138}, 'quadratic_func': {'acc': 0.8607594966888428, 'n': 79}, 'right_triangle_3060': {'acc': 1.0, 'n': 26}, 'similar_triangle': {'acc': 0.9838709831237793, 'n': 124}, 'system_2var': {'acc': 0.9964285492897034, 'n': 280}, 'variance': {'acc': 0.9214285612106323, 'n': 280}}, '_wall_s': 22.6}
  domain_bpb      ERROR: domain_bpb.py exited 1: Retokenizing here would overwrite caches the live run reads and stamp them from this process's state, so the run's next resume retokenizes too. Warm the cache from the training path instead (`python d
  lambada_en      {'ckpt': 'ckpt_ab_untiehead_untiehead.pt.ep1', 'hf': False, 'n_items': 5153, 'n_params': 239748168, 'n_params_non_embed': None, 'acc': 0.13002134678827867, 'binomial_se': 0.004685236922081681, 'ci95_halfwidth': 0.009183064367280095, 'empty_generations': 2, 'nll_per_byte_mean': 1.1774055836019381, 'reading': 'greedy continuation to first word boundary, exact string match (lm-eval-harness definition); tokenizer-independent', 'boundary': "The two readings measure different things and are EXPECTED to diverge: the greedy number has a decoder and a stop rule, the per-byte NLL has neither. See be.gold_bpb_falls_while_generation_scores_zero. Vocabulary fact, measured on this file's 5,111 eligible rows: 15.7% of last words are single-token under our tokenizer, 70.1% under Pythia's -- which is why this metric does not use a single-token reading.", '_wall_s': 970.7}
  humaneval_bpb   {'ckpt': 'ckpt_ab_untiehead_untiehead.pt.ep1', 'hf': False, 'n_tasks': 164, 'n_tasks_total': 164, 'n_params': 239748168, 'gold_bpb_per_task_mean': 0.9121795503212078, 'gold_bpb_byte_weighted': 0.756153304279858, 'total_solution_bytes': 29662, 'errors': [], 'reading': 'bits per UTF-8 byte of the canonical solution, teacher-forced, prompt carries no loss; cross-tokenizer comparable by construction', 'boundary': 'NOT a pass@k substitute: this says the real solution gets higher likelihood, not that the model would generate it. At 200M pass@k is 0 for both arms (be.gold_bpb_falls_while_generation_scores_zero: code_500 generative 0.0 across a ladder while gold BPB fell 1.087 -> 0.918), so this is the reading with resolution at this scale, and the two numbers must not be read as one.', '_wall_s': 21.0}
  l1_fewshot      {'correct': 0, 'total': 497, 'acc': 0.0, 'binomial_delta': 0.06279858256227591, 'answer_present_rate': 0.002012072434607646, 'demos': 3, 'temperature': 0.0, 'preds_path': '/work/aupai/data/eval/preds_l1_d3_ckpt_ab_untiehead_untiehead.pt.ep1.jsonl', '_wall_s': 2134.3}
  code_500_v2     SKIPPED: generative; a base checkpoint reads zero
  mc_full         SKIPPED: hellaswag/piqa unreachable from this machine (pod HF egress broken); not a signal judgement -- run --benchmarks hellaswag piqa on a box with egress. English MC also at chance on every 200M measured, ceval stays as tripwire
  code_500        SKIPPED: generative; a base checkpoint reads zero
  math_hard       SKIPPED: generative; a base checkpoint reads zero (ckpt_0830v1_0.8b: math-500 0/500)
  pass_at_k       SKIPPED: needs a policy (SFT or RL); a base checkpoint has none
  math_500        SKIPPED: generative; a base checkpoint reads zero

ckpt_ab_untieheadlr_untieheadlr.pt.ep1  type=base  9 metrics
  model           ... loading
  model           loaded
  domain_loss     ... running
  domain_loss     {'math_owm_stage2': {'loss': 2.4524, 'tokens': 262144, 'head_fp': '8384513b6387c6ee'}, 'en_c4_stage2': {'loss': 3.5387, 'tokens': 262144, 'head_fp': 'a24087cbd665826c'}, 'cot': {'loss': 1.5699, 'tokens': 262144, 'head_fp': '3160d1b11d04e9b8'}, 'textbook_30b': {'loss': 2.9166, 'tokens': 262144, 'head_fp': 'e3793a1a373e4f78'}, 'chatml': {'loss': 3.7424, 'tokens': 262144, 'head_fp': 'c49fae903164c9ed'}, 'chat_qa': {'loss': 3.7658, 'tokens': 262144, 'head_fp': '27c850ac279d2afb'}, 'zh_web': {'loss': 5.1029, 'tokens': 262144, 'head_fp': 'ee53dcc1b598e4f3'}, 'code_py_starcoder': {'loss': 1.5745, 'tokens': 262144, 'head_fp': 'e0cda89e72545824'}, 'code_py_rp1t': {'loss': 1.5615, 'tokens': 262144, 'head_fp': 'eba5b86b71371330'}, 'unweighted_mean': 2.9139, '_split': 'val', '_wall_s': 120.7} (120.7s)
  minimal_pairs   ... running
  minimal_pairs   {'ckpt': 'ckpt_ab_untieheadlr_untieheadlr.pt.ep1', 'n_params': 239.748168, 'swap': False, 'n_pairs': 277, 'skipped': {'word_order': 1, 'classifier': 14, 'function_word': 9, 'factual': 2}, 'dimensions': {'classifier': {'acc': 0.8333333333333334, 'n': 42}, 'factual': {'acc': 0.75, 'n': 16}, 'function_word': {'acc': 0.75, 'n': 20}, 'numeric': {'acc': 0.64, 'n': 100}, 'word_order': {'acc': 0.6161616161616161, 'n': 99}}, 'overall': 0.6750902527075813, 'mean_margin_nats': 1.1568439221984643, '_wall_s': 15.2} (15.2s)
  mc_ceval        ... running
  mc_ceval        {'C-Eval (zh)': 20.9, 'Average': 20.9, '_wall_s': 19.9} (19.9s)
  lambada_zh      ... running
  lambada_zh      {'ckpt': 'ckpt_ab_untieheadlr_untieheadlr.pt.ep1', 'n_params': 239.748168, 'swap': False, 'n_items': 1000, 'provenance': ['lambada_zh_src.jsonl'], 'open_acc1': 0.114, 'open_acc5': 0.273, 'two_way_acc': 0.849686861038208, '_wall_s': 20.6} (20.6s)
  math_v2_like    ... running
  math_v2_like    {'ckpt': 'ckpt_ab_untieheadlr_untieheadlr.pt.ep1', 'n_params': 239.748168, 'swap': False, 'n_items': 3012, 'skipped': {'no_digit': 0, 'tok_len': 149, 'no_boxed': 0}, 'overall': 0.9249667994687915, 'families': {'abs_equation': {'acc': 1.0, 'n': 223}, 'cryptarithm': {'acc': 1.0, 'n': 220}, 'factorize': {'acc': 1.0, 'n': 95}, 'floor_gauss': {'acc': 0.75, 'n': 280}, 'fractional_eq': {'acc': 1.0, 'n': 275}, 'hound_hare': {'acc': 0.9689440727233887, 'n': 161}, 'inverse_prop': {'acc': 1.0, 'n': 142}, 'linear_func': {'acc': 0.9523809552192688, 'n': 273}, 'number_array_cross': {'acc': 1.0, 'n': 3}, 'number_line_moving': {'acc': 0.6763636469841003, 'n': 275}, 'perfect_square_pattern': {'acc': 0.800000011920929, 'n': 10}, 'pythagoras': {'acc': 0.921875, 'n': 128}, 'quadratic': {'acc': 0.9927536249160767, 'n': 138}, 'quadratic_func': {'acc': 0.9746835231781006, 'n': 79}, 'right_triangle_3060': {'acc': 1.0, 'n': 26}, 'similar_triangle': {'acc': 0.9919354915618896, 'n': 124}, 'system_2var': {'acc': 1.0, 'n': 280}, 'variance': {'acc': 0.8821428418159485, 'n': 280}}, '_wall_s': 22.5} (22.5s)
  domain_bpb      ... running
  domain_bpb      ERROR: domain_bpb.py exited 1: Retokenizing here would overwrite caches the live run reads and stamp them from this process's state, so the run's next resume retokenizes too. Warm the cache from the training path instead (`python d (11.7s)
  lambada_en      ... running
  lambada_en      {'ckpt': 'ckpt_ab_untieheadlr_untieheadlr.pt.ep1', 'hf': False, 'n_items': 5153, 'n_params': 239748168, 'n_params_non_embed': None, 'acc': 0.1284688530952843, 'binomial_se': 0.00466133492171605, 'ci95_halfwidth': 0.009136216446563459, 'empty_generations': 3, 'nll_per_byte_mean': 1.1858502603679781, 'reading': 'greedy continuation to first word boundary, exact string match (lm-eval-harness definition); tokenizer-independent', 'boundary': "The two readings measure different things and are EXPECTED to diverge: the greedy number has a decoder and a stop rule, the per-byte NLL has neither. See be.gold_bpb_falls_while_generation_scores_zero. Vocabulary fact, measured on this file's 5,111 eligible rows: 15.7% of last words are single-token under our tokenizer, 70.1% under Pythia's -- which is why this metric does not use a single-token reading.", '_wall_s': 956.6} (956.6s)
  humaneval_bpb   ... running
  humaneval_bpb   {'ckpt': 'ckpt_ab_untieheadlr_untieheadlr.pt.ep1', 'hf': False, 'n_tasks': 164, 'n_tasks_total': 164, 'n_params': 239748168, 'gold_bpb_per_task_mean': 0.9407525009879859, 'gold_bpb_byte_weighted': 0.7711137133922209, 'total_solution_bytes': 29662, 'errors': [], 'reading': 'bits per UTF-8 byte of the canonical solution, teacher-forced, prompt carries no loss; cross-tokenizer comparable by construction', 'boundary': 'NOT a pass@k substitute: this says the real solution gets higher likelihood, not that the model would generate it. At 200M pass@k is 0 for both arms (be.gold_bpb_falls_while_generation_scores_zero: code_500 generative 0.0 across a ladder while gold BPB fell 1.087 -> 0.918), so this is the reading with resolution at this scale, and the two numbers must not be read as one.', '_wall_s': 20.2} (20.2s)
  l1_fewshot      ... running
  l1_fewshot      {'correct': 0, 'total': 497, 'acc': 0.0, 'binomial_delta': 0.06279858256227591, 'answer_present_rate': 0.002012072434607646, 'demos': 3, 'temperature': 0.0, 'preds_path': '/work/aupai/data/eval/preds_l1_d3_ckpt_ab_untieheadlr_untieheadlr.pt.ep1.jsonl', '_wall_s': 2133.6} (2133.6s)

ckpt_ab_untieheadlr_untieheadlr.pt.ep1  type=base
  domain_loss     mean=2.9139 across 11 domains
  minimal_pairs   {'ckpt': 'ckpt_ab_untieheadlr_untieheadlr.pt.ep1', 'n_params': 239.748168, 'swap': False, 'n_pairs': 277, 'skipped': {'word_order': 1, 'classifier': 14, 'function_word': 9, 'factual': 2}, 'dimensions': {'classifier': {'acc': 0.8333333333333334, 'n': 42}, 'factual': {'acc': 0.75, 'n': 16}, 'function_word': {'acc': 0.75, 'n': 20}, 'numeric': {'acc': 0.64, 'n': 100}, 'word_order': {'acc': 0.6161616161616161, 'n': 99}}, 'overall': 0.6750902527075813, 'mean_margin_nats': 1.1568439221984643, '_wall_s': 15.2}
  mc_ceval        {'C-Eval (zh)': 20.9, 'Average': 20.9, '_wall_s': 19.9}
  lambada_zh      {'ckpt': 'ckpt_ab_untieheadlr_untieheadlr.pt.ep1', 'n_params': 239.748168, 'swap': False, 'n_items': 1000, 'provenance': ['lambada_zh_src.jsonl'], 'open_acc1': 0.114, 'open_acc5': 0.273, 'two_way_acc': 0.849686861038208, '_wall_s': 20.6}
  math_v2_like    {'ckpt': 'ckpt_ab_untieheadlr_untieheadlr.pt.ep1', 'n_params': 239.748168, 'swap': False, 'n_items': 3012, 'skipped': {'no_digit': 0, 'tok_len': 149, 'no_boxed': 0}, 'overall': 0.9249667994687915, 'families': {'abs_equation': {'acc': 1.0, 'n': 223}, 'cryptarithm': {'acc': 1.0, 'n': 220}, 'factorize': {'acc': 1.0, 'n': 95}, 'floor_gauss': {'acc': 0.75, 'n': 280}, 'fractional_eq': {'acc': 1.0, 'n': 275}, 'hound_hare': {'acc': 0.9689440727233887, 'n': 161}, 'inverse_prop': {'acc': 1.0, 'n': 142}, 'linear_func': {'acc': 0.9523809552192688, 'n': 273}, 'number_array_cross': {'acc': 1.0, 'n': 3}, 'number_line_moving': {'acc': 0.6763636469841003, 'n': 275}, 'perfect_square_pattern': {'acc': 0.800000011920929, 'n': 10}, 'pythagoras': {'acc': 0.921875, 'n': 128}, 'quadratic': {'acc': 0.9927536249160767, 'n': 138}, 'quadratic_func': {'acc': 0.9746835231781006, 'n': 79}, 'right_triangle_3060': {'acc': 1.0, 'n': 26}, 'similar_triangle': {'acc': 0.9919354915618896, 'n': 124}, 'system_2var': {'acc': 1.0, 'n': 280}, 'variance': {'acc': 0.8821428418159485, 'n': 280}}, '_wall_s': 22.5}
  domain_bpb      ERROR: domain_bpb.py exited 1: Retokenizing here would overwrite caches the live run reads and stamp them from this process's state, so the run's next resume retokenizes too. Warm the cache from the training path instead (`python d
  lambada_en      {'ckpt': 'ckpt_ab_untieheadlr_untieheadlr.pt.ep1', 'hf': False, 'n_items': 5153, 'n_params': 239748168, 'n_params_non_embed': None, 'acc': 0.1284688530952843, 'binomial_se': 0.00466133492171605, 'ci95_halfwidth': 0.009136216446563459, 'empty_generations': 3, 'nll_per_byte_mean': 1.1858502603679781, 'reading': 'greedy continuation to first word boundary, exact string match (lm-eval-harness definition); tokenizer-independent', 'boundary': "The two readings measure different things and are EXPECTED to diverge: the greedy number has a decoder and a stop rule, the per-byte NLL has neither. See be.gold_bpb_falls_while_generation_scores_zero. Vocabulary fact, measured on this file's 5,111 eligible rows: 15.7% of last words are single-token under our tokenizer, 70.1% under Pythia's -- which is why this metric does not use a single-token reading.", '_wall_s': 956.6}
  humaneval_bpb   {'ckpt': 'ckpt_ab_untieheadlr_untieheadlr.pt.ep1', 'hf': False, 'n_tasks': 164, 'n_tasks_total': 164, 'n_params': 239748168, 'gold_bpb_per_task_mean': 0.9407525009879859, 'gold_bpb_byte_weighted': 0.7711137133922209, 'total_solution_bytes': 29662, 'errors': [], 'reading': 'bits per UTF-8 byte of the canonical solution, teacher-forced, prompt carries no loss; cross-tokenizer comparable by construction', 'boundary': 'NOT a pass@k substitute: this says the real solution gets higher likelihood, not that the model would generate it. At 200M pass@k is 0 for both arms (be.gold_bpb_falls_while_generation_scores_zero: code_500 generative 0.0 across a ladder while gold BPB fell 1.087 -> 0.918), so this is the reading with resolution at this scale, and the two numbers must not be read as one.', '_wall_s': 20.2}
  l1_fewshot      {'correct': 0, 'total': 497, 'acc': 0.0, 'binomial_delta': 0.06279858256227591, 'answer_present_rate': 0.002012072434607646, 'demos': 3, 'temperature': 0.0, 'preds_path': '/work/aupai/data/eval/preds_l1_d3_ckpt_ab_untieheadlr_untieheadlr.pt.ep1.jsonl', '_wall_s': 2133.6}
  code_500_v2     SKIPPED: generative; a base checkpoint reads zero
  mc_full         SKIPPED: hellaswag/piqa unreachable from this machine (pod HF egress broken); not a signal judgement -- run --benchmarks hellaswag piqa on a box with egress. English MC also at chance on every 200M measured, ceval stays as tripwire
  code_500        SKIPPED: generative; a base checkpoint reads zero
  math_hard       SKIPPED: generative; a base checkpoint reads zero (ckpt_0830v1_0.8b: math-500 0/500)
  pass_at_k       SKIPPED: needs a policy (SFT or RL); a base checkpoint has none
  math_500        SKIPPED: generative; a base checkpoint reads zero

wrote 2 record(s) to runs/score_matrix.jsonl
