W0905 14:31:26.306000 1334877 torch/distributed/run.py:851] 
W0905 14:31:26.306000 1334877 torch/distributed/run.py:851] *****************************************
W0905 14:31:26.306000 1334877 torch/distributed/run.py:851] Setting OMP_NUM_THREADS environment variable for each process to be 1 in default, to avoid your system being overloaded, please further tune the variable for optimal performance in your application as needed. 
W0905 14:31:26.306000 1334877 torch/distributed/run.py:851] *****************************************
corpus_fp: {'math_owm_stage2': '1e687e4b5ce37598', 'en_c4_stage2': '05e0fc6f14704056', 'cot': '388496b76ed9bf88', 'textbook_30b': '3f237c5191cb8571', 'chatml': '52a6b427818c90ff', 'chat_qa': '42a4bedde020ae66', 'zh_web': 'a0d44fc44a289d60', 'code_py_starcoder': 'e1a14839e11f3e6f', 'code_py_rp1t': '63c2b3ce0e7dd989'}
/usr/local/lib/python3.12/dist-packages/torch/distributed/c10d_logger.py:83: UserWarning: barrier(): using the device under current context. You can specify `device_id` in `init_process_group` to mute this warning.
  return func(*args, **kwargs)
[rank0]:[W905 14:31:42.013424851 ProcessGroupNCCL.cpp:5188] Guessing device ID based on global rank. This can cause a hang if rank to GPU mapping is heterogeneous. You can specify device_id in init_process_group()
mix: math_owm_stage2 516168 rows = 0.32 epochs
mix: en_c4_stage2 317642 rows = 0.55 epochs
mix: cot 157606 rows = 1.60 epochs
mix: textbook_30b 198526 rows = 0.51 epochs
mix: chatml 14468 rows = 1.60 epochs
mix: chat_qa 14166 rows = 1.60 epochs
mix: zh_web 59558 rows = 0.01 epochs
mix: code_py_starcoder 643969 rows = 0.30 epochs
mix: code_py_rp1t 31020 rows = 0.32 epochs
mix: 1953123 rows = 8.00B tokens scheduled
bf16 masters, no fp8 conversion (--bf16)
params 801.0M | tokens 976561 | seqs 976561 | device cuda:0 | world 2 | fa True | fp8 False
cfg batch 16 accum 2 seq 4096 grad_ckpt False doc_mask True attn_res True/0 softcap 15.0 warmup 300 epochs 1 lr_scale 1.0 mix data/mix_200m_8b.json fone False seed 42 sample_seed 42 (follows seed) warmdown 0.1 anneal_frac 0.0 val_every 500 attn_every 4
cfg non-default: accum=2, anneal_frac=0.0, batch=16, mix='data/mix_200m_8b.json', moe_arm='p5b2', moe_experts=24, warmdown=0.1, warmup=300
dynamo cache_size_limit=64 (need 25)
[rank0]:W0905 14:34:46.905000 1334958 torch/_logging/_internal.py:1279] [0/0] Profiler record function <class 'torch.autograd.profiler.record_function'> will be ignored
[rank1]:W0905 14:34:46.956000 1334959 torch/_logging/_internal.py:1279] [0/0] Profiler record function <class 'torch.autograd.profiler.record_function'> will be ignored
step 10/100 10% [main] | loss 7.588 | lr 3.33e-04 (muon 3.33e-04 embed 3.33e-03 scalar 5.00e-03 arq 3.33e-04 moe_router 3.33e-04) | gnorm 3.55 | 0.00B tok | 27K tok/s/gpu | MFU 89% | peak 75.94GiB | ETA 0.1h
step 20/100 20% [main] | loss 5.741 | lr 6.67e-04 (muon 6.67e-04 embed 6.67e-03 scalar 1.00e-02 arq 6.67e-04 moe_router 6.67e-04) | gnorm 0.88 | 0.01B tok | 56K tok/s/gpu | MFU 181% | peak 75.93GiB | ETA 0.1h
step 30/100 30% [main] | loss 5.942 | lr 1.00e-03 (muon 1.00e-03 embed 1.00e-02 scalar 1.50e-02 arq 1.00e-03 moe_router 1.00e-03) | gnorm 1.56 | 0.01B tok | 57K tok/s/gpu | MFU 185% | peak 75.93GiB | ETA 0.0h
step 40/100 40% [main] | loss 5.630 | lr 1.33e-03 (muon 1.33e-03 embed 1.33e-02 scalar 2.00e-02 arq 1.33e-03 moe_router 1.33e-03) | gnorm 1.28 | 0.01B tok | 57K tok/s/gpu | MFU 185% | peak 75.94GiB | ETA 0.0h
step 50/100 50% [main] | loss 5.542 | lr 1.67e-03 (muon 1.67e-03 embed 1.67e-02 scalar 2.50e-02 arq 1.67e-03 moe_router 1.67e-03) | gnorm 2.47 | 0.01B tok | 57K tok/s/gpu | MFU 184% | peak 75.93GiB | ETA 0.0h
step 60/100 60% [main] | loss 5.480 | lr 2.00e-03 (muon 2.00e-03 embed 2.00e-02 scalar 3.00e-02 arq 2.00e-03 moe_router 2.00e-03) | gnorm 1.17 | 0.02B tok | 57K tok/s/gpu | MFU 185% | peak 75.94GiB | ETA 0.0h
step 70/100 70% [main] | loss 4.880 | lr 2.33e-03 (muon 2.33e-03 embed 2.33e-02 scalar 3.50e-02 arq 2.33e-03 moe_router 2.33e-03) | gnorm 1.08 | 0.02B tok | 57K tok/s/gpu | MFU 184% | peak 75.96GiB | ETA 0.0h
step 80/100 80% [main] | loss 4.773 | lr 2.67e-03 (muon 2.67e-03 embed 2.67e-02 scalar 4.00e-02 arq 2.67e-03 moe_router 2.67e-03) | gnorm 1.77 | 0.02B tok | 57K tok/s/gpu | MFU 184% | peak 75.93GiB | ETA 0.0h
step 90/100 90% [main] | loss 5.205 | lr 3.00e-03 (muon 3.00e-03 embed 3.00e-02 scalar 4.50e-02 arq 3.00e-03 moe_router 3.00e-03) | gnorm 1.48 | 0.02B tok | 57K tok/s/gpu | MFU 185% | peak 75.96GiB | ETA 0.0h
step 100/100 100% [main] | loss 4.942 | lr 3.33e-03 (muon 3.33e-03 embed 3.33e-02 scalar 5.00e-02 arq 3.33e-03 moe_router 3.33e-03) | gnorm 1.48 | 0.03B tok | 57K tok/s/gpu | MFU 185% | peak 75.95GiB | ETA 0.0h
/usr/local/lib/python3.12/dist-packages/torch/_dynamo/variables/functions.py:2082: UserWarning: Dynamo does not know how to trace the builtin `torch._C._distributed_c10d.pybind11_detail_function_record_v1_system_libstdcpp_gxx_abi_1xxx_use_cxx11_abi_1._broadcast_coalesced.` This function is either a Python builtin (e.g. _warnings.warn) or a third-party C/C++ Python extension (perhaps created with pybind).
If it is a Python builtin, please file an issue on GitHub so the PyTorch team can add support for it and see the next case for a workaround.
If it is a third-party C/C++ Python extension, please either wrap it into a PyTorch-understood custom operator (see https://pytorch.org/tutorials/advanced/custom_ops_landing_page.html for more details) or, if it is traceable, use `torch.compiler.allow_in_graph`.
  torch._dynamo.utils.warn_once(explanation + "\n" + "\n".join(hints))
/usr/local/lib/python3.12/dist-packages/torch/_dynamo/variables/functions.py:2082: UserWarning: Dynamo does not know how to trace the builtin `torch._C._distributed_c10d.pybind11_detail_function_record_v1_system_libstdcpp_gxx_abi_1xxx_use_cxx11_abi_1._broadcast_coalesced.` This function is either a Python builtin (e.g. _warnings.warn) or a third-party C/C++ Python extension (perhaps created with pybind).
If it is a Python builtin, please file an issue on GitHub so the PyTorch team can add support for it and see the next case for a workaround.
If it is a third-party C/C++ Python extension, please either wrap it into a PyTorch-understood custom operator (see https://pytorch.org/tutorials/advanced/custom_ops_landing_page.html for more details) or, if it is traceable, use `torch.compiler.allow_in_graph`.
  torch._dynamo.utils.warn_once(explanation + "\n" + "\n".join(hints))
/usr/local/lib/python3.12/dist-packages/torch/_inductor/lowering.py:7836: UserWarning: 
Online softmax is disabled on the fly since Inductor decides to
split the reduction. Cut an issue to PyTorch if this is an
important use case and you want to speed it up with online
softmax.

  warnings.warn(
/usr/local/lib/python3.12/dist-packages/torch/_inductor/lowering.py:7836: UserWarning: 
Online softmax is disabled on the fly since Inductor decides to
split the reduction. Cut an issue to PyTorch if this is an
important use case and you want to speed it up with online
softmax.

  warnings.warn(
/usr/local/lib/python3.12/dist-packages/torch/_inductor/lowering.py:7836: UserWarning: 
Online softmax is disabled on the fly since Inductor decides to
split the reduction. Cut an issue to PyTorch if this is an
important use case and you want to speed it up with online
softmax.

  warnings.warn(
/usr/local/lib/python3.12/dist-packages/torch/_inductor/lowering.py:7836: UserWarning: 
Online softmax is disabled on the fly since Inductor decides to
split the reduction. Cut an issue to PyTorch if this is an
important use case and you want to speed it up with online
softmax.

  warnings.warn(
/usr/local/lib/python3.12/dist-packages/torch/_inductor/lowering.py:7836: UserWarning: 
Online softmax is disabled on the fly since Inductor decides to
split the reduction. Cut an issue to PyTorch if this is an
important use case and you want to speed it up with online
softmax.

  warnings.warn(
/usr/local/lib/python3.12/dist-packages/torch/_inductor/lowering.py:7836: UserWarning: 
Online softmax is disabled on the fly since Inductor decides to
split the reduction. Cut an issue to PyTorch if this is an
important use case and you want to speed it up with online
softmax.

  warnings.warn(
/usr/local/lib/python3.12/dist-packages/torch/_inductor/lowering.py:7836: UserWarning: 
Online softmax is disabled on the fly since Inductor decides to
split the reduction. Cut an issue to PyTorch if this is an
important use case and you want to speed it up with online
softmax.

  warnings.warn(
/usr/local/lib/python3.12/dist-packages/torch/_inductor/lowering.py:7836: UserWarning: 
Online softmax is disabled on the fly since Inductor decides to
split the reduction. Cut an issue to PyTorch if this is an
important use case and you want to speed it up with online
softmax.

  warnings.warn(
/usr/local/lib/python3.12/dist-packages/torch/_inductor/lowering.py:7836: UserWarning: 
Online softmax is disabled on the fly since Inductor decides to
split the reduction. Cut an issue to PyTorch if this is an
important use case and you want to speed it up with online
softmax.

  warnings.warn(
/usr/local/lib/python3.12/dist-packages/torch/_inductor/lowering.py:7836: UserWarning: 
Online softmax is disabled on the fly since Inductor decides to
split the reduction. Cut an issue to PyTorch if this is an
important use case and you want to speed it up with online
softmax.

  warnings.warn(
ep 1/1 train 4.942 val 5.175 325s
saved /work/aupai/ckpt_b0_p5_e1_bf16v2.pt
/work/aupai/runs/b0_p5_e1_bf16v2.log: no curves found
