
DISCARDED 15 episode(s): 5 1 span(s) over 512 chars, 1 13 span(s) over 512 chars, 2 2 span(s) over 512 chars, 2 3 span(s) over 512 chars, 1 5 span(s) over 512 chars, 1 6 span(s) over 512 chars, 3 REAL_CREDENTIAL
  A REAL_CREDENTIAL drops the episode -- a masked line still teaches the model that a credential belongs there. An over-limit opaque span drops it because redacting >512 chars deletes content while leaving the episode looking intact.
  ['Opaque Span Over Limit']  153 turns  -Users-<USER>-code-agent-infer  [3 span(s) over 512 chars]
  ['GitHub Token']  49 turns  -Users-<USER>-code-agent-infer  [REAL_CREDENTIAL]
  ['IBM Cloud IAM Key']  5 turns  -Users-<USER>-code-agent-infer  [REAL_CREDENTIAL]
  ['Opaque Span Over Limit']  33 turns  -Users-<USER>-code-aupai  [1 span(s) over 512 chars]
  ['Opaque Span Over Limit']  120 turns  -Users-<USER>-code-clean-my-repo  [1 span(s) over 512 chars]
  ['Private Key']  79 turns  -Users-<USER>-code-eic  [REAL_CREDENTIAL]
  ['Opaque Span Over Limit']  72 turns  -Users-<USER>-code-eic  [1 span(s) over 512 chars]
  ['Opaque Span Over Limit']  12 turns  -Users-<USER>-code-eic  [1 span(s) over 512 chars]
  ['Opaque Span Over Limit']  161 turns  -Users-<USER>-code-eic  [3 span(s) over 512 chars]
  ['Opaque Span Over Limit']  54 turns  -Users-<USER>-code-eic  [6 span(s) over 512 chars]
  ['Opaque Span Over Limit']  92 turns  -Users-<USER>-code-eic  [2 span(s) over 512 chars]
  ['Opaque Span Over Limit']  619 turns  -Users-<USER>-code-eic  [5 span(s) over 512 chars]
  ['Opaque Span Over Limit']  444 turns  -Users-<USER>-code-eic  [13 span(s) over 512 chars]
  ['Opaque Span Over Limit']  68 turns  -Users-<USER>-code-lessons  [2 span(s) over 512 chars]
  ['Opaque Span Over Limit']  34 turns  -Users-<USER>-code-llmserver  [1 span(s) over 512 chars]
  Content is not printed or written anywhere. The source files still hold these; that is a separate problem for whoever owns the machine.

REDACTED 2657 opaque span(s) in 381 kept episode(s) (3.8% of episodes, 2657 span(s) over 46617 turns), each replaced with [REDACTED-CREDENTIAL]. These episodes are KEPT: an opaque hit needs no credential-vs-identifier judgment, because replacing an identifier costs one span and dropping the episode costs the episode.
   167 span(s)  37 turns  -Users-<USER>-code-eic
   119 span(s)  662 turns  -Users-<USER>-code-agent-infer
    98 span(s)  171 turns  -Users-<USER>-code-eic
    86 span(s)  22 turns  -Users-<USER>-code-eic
    73 span(s)  46 turns  -Users-<USER>-code-sglang-iaas
    63 span(s)  195 turns  -Users-<USER>-code-agent-infer
    52 span(s)  408 turns  -Users-<USER>-code-sglang-iaas
    50 span(s)  93 turns  -Users-<USER>-code-lessons
    47 span(s)  457 turns  -Users-<USER>-code-agent-infer
    44 span(s)  555 turns  -Users-<USER>-code-agent-infer
  ... 371 more
  token_filter: 9053 rows in 65.4s, 249 MB encoded (3.81 MB/s), 4254 over 4096 tokens
staged 4799 rows -> data/sft/agentic_v13.jsonl.unscanned (not yet scanned for secrets)
wrote 4799 rows -> data/sft/agentic_v13.jsonl

sessions       1330
episodes       27326
kept           10000
chars          245,713,258 (mean 24571/episode)
dropped:
     9507  opens on a machine event, not a person (task-notification etc.)
     6440  fewer than 2 turns
      409  an assistant turn is a harness error, not a response
      351  a tool call was refused by the user; the refused call is supervised
      251  opener the model cannot act on (image-only / slash command)
      243  text contains a literal ChatML marker (tokenizes as the real token)
       93  every assistant turn is a non-answer
       17  over the memory ceiling (not an admission criterion)
       15  an assistant turn holds an unparsed tool invocation as text
      932  near-duplicate of an earlier episode (same opener and answer)
top projects:
     3620  -Users-<USER>-code-agent-infer  (36.2%)
     1763  -Users-<USER>-code-aupai  (17.6%)
      934  -Users-<USER>-code-lessons  (9.3%)
      674  -Users-<USER>-code-sglang-iaas  (6.7%)
      639  -Users-<USER>-code-tileRL  (6.4%)
      459  -Users-<USER>-code-eic  (4.6%)
      428  -Users-<USER>-code-arle-app-demo-ArleChat  (4.3%)
      208  -Users-<USER>-code-ai-passport  (2.1%)

secret scan: 2 type(s) over 16,262,907 chars ['Base64 High Entropy String', 'Secret Keyword']
token filter (4096): 4799 of 9053 fit (53.0%), 4254 over
tokens         7,104,140 in longest pairs (mean 1480, max 4095)
wrote 4799 rows -> data/sft/agentic_v13.jsonl
