W0831 07:37:41.830000 572680 torch/distributed/run.py:851] 
W0831 07:37:41.830000 572680 torch/distributed/run.py:851] *****************************************
W0831 07:37:41.830000 572680 torch/distributed/run.py:851] Setting OMP_NUM_THREADS environment variable for each process to be 1 in default, to avoid your system being overloaded, please further tune the variable for optimal performance in your application as needed. 
W0831 07:37:41.830000 572680 torch/distributed/run.py:851] *****************************************
corpus_fp: {'web_hq': '30838d423348b2e5', 'textbook': '3f237c5191cb8571', 'wiki': '44eb88458cfb3ed5', 'en': '9f37cb35219bb617', 'math': 'e1e86aa0b594c5ed', 'code': '5bb775eae9029669', 'chat': '080fdd63401b4ff9'}
/usr/local/lib/python3.12/dist-packages/torch/distributed/c10d_logger.py:83: UserWarning: barrier(): using the device under current context. You can specify `device_id` in `init_process_group` to mute this warning.
  return func(*args, **kwargs)
[rank0]:[W831 07:37:58.183573271 ProcessGroupNCCL.cpp:5188] Guessing device ID based on global rank. This can cause a hang if rank to GPU mapping is heterogeneous. You can specify device_id in init_process_group()
mix: web_hq 15811 rows = 0.05 epochs
mix: textbook 24228 rows = 0.06 epochs
mix: wiki 3696 rows = 0.06 epochs
mix: en 2418 rows = 0.06 epochs
mix: math 1228 rows = 0.06 epochs
mix: code 865 rows = 0.06 epochs
mix: chat 574 rows = 0.06 epochs
mix: 48820 rows = 0.20B tokens scheduled
env fingerprint OK (b802edfcec8dad5e)
Resumed from ckpt_t38_kill.pt.step40 (step 40)
FP8 compute enabled
params 206.1M | tokens 6974 | seqs 6974 | device cuda:0 | world 7 | fa True | fp8 True
cfg batch 16 accum 2 seq 4096 grad_ckpt False doc_mask True attn_res True/0 softcap 15.0 warmup 300 epochs 1 lr_scale 1.0 mix data/mix_scale_0.2b.json fone False
dynamo cache_size_limit=64 (need 25)
[rank2]:W0831 07:38:17.074000 572749 torch/_logging/_internal.py:1279] [0/0] Profiler record function <class 'torch.autograd.profiler.record_function'> will be ignored
[rank6]:W0831 07:38:17.080000 572753 torch/_logging/_internal.py:1279] [0/0] Profiler record function <class 'torch.autograd.profiler.record_function'> will be ignored
[rank4]:W0831 07:38:17.083000 572751 torch/_logging/_internal.py:1279] [0/0] Profiler record function <class 'torch.autograd.profiler.record_function'> will be ignored
[rank0]:W0831 07:38:17.086000 572747 torch/_logging/_internal.py:1279] [0/0] Profiler record function <class 'torch.autograd.profiler.record_function'> will be ignored
[rank5]:W0831 07:38:17.087000 572752 torch/_logging/_internal.py:1279] [0/0] Profiler record function <class 'torch.autograd.profiler.record_function'> will be ignored
[rank3]:W0831 07:38:17.087000 572750 torch/_logging/_internal.py:1279] [0/0] Profiler record function <class 'torch.autograd.profiler.record_function'> will be ignored
[rank1]:W0831 07:38:17.127000 572748 torch/_logging/_internal.py:1279] [0/0] Profiler record function <class 'torch.autograd.profiler.record_function'> will be ignored
/usr/local/lib/python3.12/dist-packages/torch/_dynamo/variables/functions.py:2202: UserWarning: Dynamo detected a call to a `functools.lru_cache`-wrapped function at 'interface.py:424'. Dynamo ignores the cache wrapper and directly traces the wrapped function. Silent incorrectness is only a *potential* risk, not something we have observed. Enable TORCH_LOGS=+dynamo for a DEBUG stack trace.

This call originates from:
  File "/usr/local/lib/python3.12/dist-packages/flash_attn/cute/interface.py", line 424, in torch_dynamo_resume_in__flash_attn_fwd_at_406
    arch = _get_device_arch() if _arch is None else _arch

  torch._dynamo.utils.warn_once(msg)
/usr/local/lib/python3.12/dist-packages/torch/_dynamo/variables/functions.py:2202: UserWarning: Dynamo detected a call to a `functools.lru_cache`-wrapped function at 'interface.py:424'. Dynamo ignores the cache wrapper and directly traces the wrapped function. Silent incorrectness is only a *potential* risk, not something we have observed. Enable TORCH_LOGS=+dynamo for a DEBUG stack trace.

This call originates from:
  File "/usr/local/lib/python3.12/dist-packages/flash_attn/cute/interface.py", line 424, in torch_dynamo_resume_in__flash_attn_fwd_at_406
    arch = _get_device_arch() if _arch is None else _arch

  torch._dynamo.utils.warn_once(msg)
/usr/local/lib/python3.12/dist-packages/torch/_dynamo/variables/functions.py:2202: UserWarning: Dynamo detected a call to a `functools.lru_cache`-wrapped function at 'interface.py:424'. Dynamo ignores the cache wrapper and directly traces the wrapped function. Silent incorrectness is only a *potential* risk, not something we have observed. Enable TORCH_LOGS=+dynamo for a DEBUG stack trace.

This call originates from:
  File "/usr/local/lib/python3.12/dist-packages/flash_attn/cute/interface.py", line 424, in torch_dynamo_resume_in__flash_attn_fwd_at_406
    arch = _get_device_arch() if _arch is None else _arch

  torch._dynamo.utils.warn_once(msg)
/usr/local/lib/python3.12/dist-packages/torch/_dynamo/variables/functions.py:2202: UserWarning: Dynamo detected a call to a `functools.lru_cache`-wrapped function at 'interface.py:424'. Dynamo ignores the cache wrapper and directly traces the wrapped function. Silent incorrectness is only a *potential* risk, not something we have observed. Enable TORCH_LOGS=+dynamo for a DEBUG stack trace.

This call originates from:
  File "/usr/local/lib/python3.12/dist-packages/flash_attn/cute/interface.py", line 424, in torch_dynamo_resume_in__flash_attn_fwd_at_406
    arch = _get_device_arch() if _arch is None else _arch

  torch._dynamo.utils.warn_once(msg)
/usr/local/lib/python3.12/dist-packages/torch/_dynamo/variables/functions.py:2202: UserWarning: Dynamo detected a call to a `functools.lru_cache`-wrapped function at 'interface.py:424'. Dynamo ignores the cache wrapper and directly traces the wrapped function. Silent incorrectness is only a *potential* risk, not something we have observed. Enable TORCH_LOGS=+dynamo for a DEBUG stack trace.

This call originates from:
  File "/usr/local/lib/python3.12/dist-packages/flash_attn/cute/interface.py", line 424, in torch_dynamo_resume_in__flash_attn_fwd_at_406
    arch = _get_device_arch() if _arch is None else _arch

  torch._dynamo.utils.warn_once(msg)
/usr/local/lib/python3.12/dist-packages/torch/_dynamo/variables/functions.py:2202: UserWarning: Dynamo detected a call to a `functools.lru_cache`-wrapped function at 'interface.py:424'. Dynamo ignores the cache wrapper and directly traces the wrapped function. Silent incorrectness is only a *potential* risk, not something we have observed. Enable TORCH_LOGS=+dynamo for a DEBUG stack trace.

This call originates from:
  File "/usr/local/lib/python3.12/dist-packages/flash_attn/cute/interface.py", line 424, in torch_dynamo_resume_in__flash_attn_fwd_at_406
    arch = _get_device_arch() if _arch is None else _arch

  torch._dynamo.utils.warn_once(msg)
/usr/local/lib/python3.12/dist-packages/torch/_dynamo/variables/functions.py:2202: UserWarning: Dynamo detected a call to a `functools.lru_cache`-wrapped function at 'interface.py:424'. Dynamo ignores the cache wrapper and directly traces the wrapped function. Silent incorrectness is only a *potential* risk, not something we have observed. Enable TORCH_LOGS=+dynamo for a DEBUG stack trace.

This call originates from:
  File "/usr/local/lib/python3.12/dist-packages/flash_attn/cute/interface.py", line 424, in torch_dynamo_resume_in__flash_attn_fwd_at_406
    arch = _get_device_arch() if _arch is None else _arch

  torch._dynamo.utils.warn_once(msg)
/usr/local/lib/python3.12/dist-packages/torch/_dynamo/variables/functions.py:2082: UserWarning: Dynamo does not know how to trace the builtin `<unknown module>.DLTensorWrapper.__new__.` This function is either a Python builtin (e.g. _warnings.warn) or a third-party C/C++ Python extension (perhaps created with pybind).
If it is a Python builtin, please file an issue on GitHub so the PyTorch team can add support for it and see the next case for a workaround.
If it is a third-party C/C++ Python extension, please either wrap it into a PyTorch-understood custom operator (see https://pytorch.org/tutorials/advanced/custom_ops_landing_page.html for more details) or, if it is traceable, use `torch.compiler.allow_in_graph`.
  torch._dynamo.utils.warn_once(explanation + "\n" + "\n".join(hints))
/usr/local/lib/python3.12/dist-packages/torch/_dynamo/variables/functions.py:2082: UserWarning: Dynamo does not know how to trace the builtin `<unknown module>.DLTensorWrapper.__new__.` This function is either a Python builtin (e.g. _warnings.warn) or a third-party C/C++ Python extension (perhaps created with pybind).
If it is a Python builtin, please file an issue on GitHub so the PyTorch team can add support for it and see the next case for a workaround.
If it is a third-party C/C++ Python extension, please either wrap it into a PyTorch-understood custom operator (see https://pytorch.org/tutorials/advanced/custom_ops_landing_page.html for more details) or, if it is traceable, use `torch.compiler.allow_in_graph`.
  torch._dynamo.utils.warn_once(explanation + "\n" + "\n".join(hints))
/usr/local/lib/python3.12/dist-packages/torch/_dynamo/variables/functions.py:2082: UserWarning: Dynamo does not know how to trace the builtin `<unknown module>.DLTensorWrapper.__new__.` This function is either a Python builtin (e.g. _warnings.warn) or a third-party C/C++ Python extension (perhaps created with pybind).
If it is a Python builtin, please file an issue on GitHub so the PyTorch team can add support for it and see the next case for a workaround.
If it is a third-party C/C++ Python extension, please either wrap it into a PyTorch-understood custom operator (see https://pytorch.org/tutorials/advanced/custom_ops_landing_page.html for more details) or, if it is traceable, use `torch.compiler.allow_in_graph`.
  torch._dynamo.utils.warn_once(explanation + "\n" + "\n".join(hints))
/usr/local/lib/python3.12/dist-packages/torch/_dynamo/variables/functions.py:2082: UserWarning: Dynamo does not know how to trace the builtin `<unknown module>.DLTensorWrapper.__new__.` This function is either a Python builtin (e.g. _warnings.warn) or a third-party C/C++ Python extension (perhaps created with pybind).
If it is a Python builtin, please file an issue on GitHub so the PyTorch team can add support for it and see the next case for a workaround.
If it is a third-party C/C++ Python extension, please either wrap it into a PyTorch-understood custom operator (see https://pytorch.org/tutorials/advanced/custom_ops_landing_page.html for more details) or, if it is traceable, use `torch.compiler.allow_in_graph`.
  torch._dynamo.utils.warn_once(explanation + "\n" + "\n".join(hints))
/usr/local/lib/python3.12/dist-packages/torch/_dynamo/variables/functions.py:2082: UserWarning: Dynamo does not know how to trace the builtin `<unknown module>.DLTensorWrapper.__new__.` This function is either a Python builtin (e.g. _warnings.warn) or a third-party C/C++ Python extension (perhaps created with pybind).
If it is a Python builtin, please file an issue on GitHub so the PyTorch team can add support for it and see the next case for a workaround.
If it is a third-party C/C++ Python extension, please either wrap it into a PyTorch-understood custom operator (see https://pytorch.org/tutorials/advanced/custom_ops_landing_page.html for more details) or, if it is traceable, use `torch.compiler.allow_in_graph`.
  torch._dynamo.utils.warn_once(explanation + "\n" + "\n".join(hints))
/usr/local/lib/python3.12/dist-packages/torch/_dynamo/variables/functions.py:2082: UserWarning: Dynamo does not know how to trace the builtin `<unknown module>.DLTensorWrapper.__new__.` This function is either a Python builtin (e.g. _warnings.warn) or a third-party C/C++ Python extension (perhaps created with pybind).
If it is a Python builtin, please file an issue on GitHub so the PyTorch team can add support for it and see the next case for a workaround.
If it is a third-party C/C++ Python extension, please either wrap it into a PyTorch-understood custom operator (see https://pytorch.org/tutorials/advanced/custom_ops_landing_page.html for more details) or, if it is traceable, use `torch.compiler.allow_in_graph`.
  torch._dynamo.utils.warn_once(explanation + "\n" + "\n".join(hints))
/usr/local/lib/python3.12/dist-packages/torch/_dynamo/variables/functions.py:2082: UserWarning: Dynamo does not know how to trace the builtin `<unknown module>.DLTensorWrapper.__new__.` This function is either a Python builtin (e.g. _warnings.warn) or a third-party C/C++ Python extension (perhaps created with pybind).
If it is a Python builtin, please file an issue on GitHub so the PyTorch team can add support for it and see the next case for a workaround.
If it is a third-party C/C++ Python extension, please either wrap it into a PyTorch-understood custom operator (see https://pytorch.org/tutorials/advanced/custom_ops_landing_page.html for more details) or, if it is traceable, use `torch.compiler.allow_in_graph`.
  torch._dynamo.utils.warn_once(explanation + "\n" + "\n".join(hints))
/usr/local/lib/python3.12/dist-packages/torch/_dynamo/variables/functions.py:2082: UserWarning: Dynamo does not know how to trace the builtin `sys._getframe.` This function is either a Python builtin (e.g. _warnings.warn) or a third-party C/C++ Python extension (perhaps created with pybind).
If it is a Python builtin, please file an issue on GitHub so the PyTorch team can add support for it and see the next case for a workaround.
If it is a third-party C/C++ Python extension, please either wrap it into a PyTorch-understood custom operator (see https://pytorch.org/tutorials/advanced/custom_ops_landing_page.html for more details) or, if it is traceable, use `torch.compiler.allow_in_graph`.
  torch._dynamo.utils.warn_once(explanation + "\n" + "\n".join(hints))
/usr/local/lib/python3.12/dist-packages/torch/_dynamo/variables/functions.py:2082: UserWarning: Dynamo does not know how to trace the builtin `sys._getframe.` This function is either a Python builtin (e.g. _warnings.warn) or a third-party C/C++ Python extension (perhaps created with pybind).
If it is a Python builtin, please file an issue on GitHub so the PyTorch team can add support for it and see the next case for a workaround.
If it is a third-party C/C++ Python extension, please either wrap it into a PyTorch-understood custom operator (see https://pytorch.org/tutorials/advanced/custom_ops_landing_page.html for more details) or, if it is traceable, use `torch.compiler.allow_in_graph`.
  torch._dynamo.utils.warn_once(explanation + "\n" + "\n".join(hints))
/usr/local/lib/python3.12/dist-packages/torch/_dynamo/variables/functions.py:2082: UserWarning: Dynamo does not know how to trace the builtin `sys._getframe.` This function is either a Python builtin (e.g. _warnings.warn) or a third-party C/C++ Python extension (perhaps created with pybind).
If it is a Python builtin, please file an issue on GitHub so the PyTorch team can add support for it and see the next case for a workaround.
If it is a third-party C/C++ Python extension, please either wrap it into a PyTorch-understood custom operator (see https://pytorch.org/tutorials/advanced/custom_ops_landing_page.html for more details) or, if it is traceable, use `torch.compiler.allow_in_graph`.
  torch._dynamo.utils.warn_once(explanation + "\n" + "\n".join(hints))
/usr/local/lib/python3.12/dist-packages/torch/_dynamo/variables/functions.py:2082: UserWarning: Dynamo does not know how to trace the builtin `<unknown module>.BF16Type.__new__.` This function is either a Python builtin (e.g. _warnings.warn) or a third-party C/C++ Python extension (perhaps created with pybind).
If it is a Python builtin, please file an issue on GitHub so the PyTorch team can add support for it and see the next case for a workaround.
If it is a third-party C/C++ Python extension, please either wrap it into a PyTorch-understood custom operator (see https://pytorch.org/tutorials/advanced/custom_ops_landing_page.html for more details) or, if it is traceable, use `torch.compiler.allow_in_graph`.
  torch._dynamo.utils.warn_once(explanation + "\n" + "\n".join(hints))
/usr/local/lib/python3.12/dist-packages/torch/_dynamo/variables/functions.py:2082: UserWarning: Dynamo does not know how to trace the builtin `<unknown module>.IntegerType.__new__.` This function is either a Python builtin (e.g. _warnings.warn) or a third-party C/C++ Python extension (perhaps created with pybind).
If it is a Python builtin, please file an issue on GitHub so the PyTorch team can add support for it and see the next case for a workaround.
If it is a third-party C/C++ Python extension, please either wrap it into a PyTorch-understood custom operator (see https://pytorch.org/tutorials/advanced/custom_ops_landing_page.html for more details) or, if it is traceable, use `torch.compiler.allow_in_graph`.
  torch._dynamo.utils.warn_once(explanation + "\n" + "\n".join(hints))
/usr/local/lib/python3.12/dist-packages/torch/_dynamo/variables/functions.py:2082: UserWarning: Dynamo does not know how to trace the builtin `sys._getframe.` This function is either a Python builtin (e.g. _warnings.warn) or a third-party C/C++ Python extension (perhaps created with pybind).
If it is a Python builtin, please file an issue on GitHub so the PyTorch team can add support for it and see the next case for a workaround.
If it is a third-party C/C++ Python extension, please either wrap it into a PyTorch-understood custom operator (see https://pytorch.org/tutorials/advanced/custom_ops_landing_page.html for more details) or, if it is traceable, use `torch.compiler.allow_in_graph`.
  torch._dynamo.utils.warn_once(explanation + "\n" + "\n".join(hints))
/usr/local/lib/python3.12/dist-packages/torch/_dynamo/variables/functions.py:2082: UserWarning: Dynamo does not know how to trace the builtin `<unknown module>.OpView.__new__.` This function is either a Python builtin (e.g. _warnings.warn) or a third-party C/C++ Python extension (perhaps created with pybind).
If it is a Python builtin, please file an issue on GitHub so the PyTorch team can add support for it and see the next case for a workaround.
If it is a third-party C/C++ Python extension, please either wrap it into a PyTorch-understood custom operator (see https://pytorch.org/tutorials/advanced/custom_ops_landing_page.html for more details) or, if it is traceable, use `torch.compiler.allow_in_graph`.
  torch._dynamo.utils.warn_once(explanation + "\n" + "\n".join(hints))
/usr/local/lib/python3.12/dist-packages/torch/_dynamo/variables/functions.py:2082: UserWarning: Dynamo does not know how to trace the builtin `sys._getframe.` This function is either a Python builtin (e.g. _warnings.warn) or a third-party C/C++ Python extension (perhaps created with pybind).
If it is a Python builtin, please file an issue on GitHub so the PyTorch team can add support for it and see the next case for a workaround.
If it is a third-party C/C++ Python extension, please either wrap it into a PyTorch-understood custom operator (see https://pytorch.org/tutorials/advanced/custom_ops_landing_page.html for more details) or, if it is traceable, use `torch.compiler.allow_in_graph`.
  torch._dynamo.utils.warn_once(explanation + "\n" + "\n".join(hints))
/usr/local/lib/python3.12/dist-packages/torch/_dynamo/variables/functions.py:2082: UserWarning: Dynamo does not know how to trace the builtin `<unknown module>.BF16Type.__new__.` This function is either a Python builtin (e.g. _warnings.warn) or a third-party C/C++ Python extension (perhaps created with pybind).
If it is a Python builtin, please file an issue on GitHub so the PyTorch team can add support for it and see the next case for a workaround.
If it is a third-party C/C++ Python extension, please either wrap it into a PyTorch-understood custom operator (see https://pytorch.org/tutorials/advanced/custom_ops_landing_page.html for more details) or, if it is traceable, use `torch.compiler.allow_in_graph`.
  torch._dynamo.utils.warn_once(explanation + "\n" + "\n".join(hints))
/usr/local/lib/python3.12/dist-packages/torch/_dynamo/variables/functions.py:2082: UserWarning: Dynamo does not know how to trace the builtin `sys._getframe.` This function is either a Python builtin (e.g. _warnings.warn) or a third-party C/C++ Python extension (perhaps created with pybind).
If it is a Python builtin, please file an issue on GitHub so the PyTorch team can add support for it and see the next case for a workaround.
If it is a third-party C/C++ Python extension, please either wrap it into a PyTorch-understood custom operator (see https://pytorch.org/tutorials/advanced/custom_ops_landing_page.html for more details) or, if it is traceable, use `torch.compiler.allow_in_graph`.
  torch._dynamo.utils.warn_once(explanation + "\n" + "\n".join(hints))
/usr/local/lib/python3.12/dist-packages/torch/_dynamo/variables/functions.py:2082: UserWarning: Dynamo does not know how to trace the builtin `<unknown module>.IntegerType.__new__.` This function is either a Python builtin (e.g. _warnings.warn) or a third-party C/C++ Python extension (perhaps created with pybind).
If it is a Python builtin, please file an issue on GitHub so the PyTorch team can add support for it and see the next case for a workaround.
If it is a third-party C/C++ Python extension, please either wrap it into a PyTorch-understood custom operator (see https://pytorch.org/tutorials/advanced/custom_ops_landing_page.html for more details) or, if it is traceable, use `torch.compiler.allow_in_graph`.
  torch._dynamo.utils.warn_once(explanation + "\n" + "\n".join(hints))
/usr/local/lib/python3.12/dist-packages/torch/_dynamo/variables/functions.py:2082: UserWarning: Dynamo does not know how to trace the builtin `<unknown module>.OpView.__new__.` This function is either a Python builtin (e.g. _warnings.warn) or a third-party C/C++ Python extension (perhaps created with pybind).
If it is a Python builtin, please file an issue on GitHub so the PyTorch team can add support for it and see the next case for a workaround.
If it is a third-party C/C++ Python extension, please either wrap it into a PyTorch-understood custom operator (see https://pytorch.org/tutorials/advanced/custom_ops_landing_page.html for more details) or, if it is traceable, use `torch.compiler.allow_in_graph`.
  torch._dynamo.utils.warn_once(explanation + "\n" + "\n".join(hints))
/usr/local/lib/python3.12/dist-packages/torch/_dynamo/variables/functions.py:2082: UserWarning: Dynamo does not know how to trace the builtin `<unknown module>.BF16Type.__new__.` This function is either a Python builtin (e.g. _warnings.warn) or a third-party C/C++ Python extension (perhaps created with pybind).
If it is a Python builtin, please file an issue on GitHub so the PyTorch team can add support for it and see the next case for a workaround.
If it is a third-party C/C++ Python extension, please either wrap it into a PyTorch-understood custom operator (see https://pytorch.org/tutorials/advanced/custom_ops_landing_page.html for more details) or, if it is traceable, use `torch.compiler.allow_in_graph`.
  torch._dynamo.utils.warn_once(explanation + "\n" + "\n".join(hints))
/usr/local/lib/python3.12/dist-packages/torch/_dynamo/variables/functions.py:2082: UserWarning: Dynamo does not know how to trace the builtin `<unknown module>.IntegerType.__new__.` This function is either a Python builtin (e.g. _warnings.warn) or a third-party C/C++ Python extension (perhaps created with pybind).
If it is a Python builtin, please file an issue on GitHub so the PyTorch team can add support for it and see the next case for a workaround.
If it is a third-party C/C++ Python extension, please either wrap it into a PyTorch-understood custom operator (see https://pytorch.org/tutorials/advanced/custom_ops_landing_page.html for more details) or, if it is traceable, use `torch.compiler.allow_in_graph`.
  torch._dynamo.utils.warn_once(explanation + "\n" + "\n".join(hints))
/usr/local/lib/python3.12/dist-packages/torch/_dynamo/variables/functions.py:2082: UserWarning: Dynamo does not know how to trace the builtin `sys._getframe.` This function is either a Python builtin (e.g. _warnings.warn) or a third-party C/C++ Python extension (perhaps created with pybind).
If it is a Python builtin, please file an issue on GitHub so the PyTorch team can add support for it and see the next case for a workaround.
If it is a third-party C/C++ Python extension, please either wrap it into a PyTorch-understood custom operator (see https://pytorch.org/tutorials/advanced/custom_ops_landing_page.html for more details) or, if it is traceable, use `torch.compiler.allow_in_graph`.
  torch._dynamo.utils.warn_once(explanation + "\n" + "\n".join(hints))
/usr/local/lib/python3.12/dist-packages/torch/_dynamo/variables/functions.py:2082: UserWarning: Dynamo does not know how to trace the builtin `<unknown module>.OpView.__new__.` This function is either a Python builtin (e.g. _warnings.warn) or a third-party C/C++ Python extension (perhaps created with pybind).
If it is a Python builtin, please file an issue on GitHub so the PyTorch team can add support for it and see the next case for a workaround.
If it is a third-party C/C++ Python extension, please either wrap it into a PyTorch-understood custom operator (see https://pytorch.org/tutorials/advanced/custom_ops_landing_page.html for more details) or, if it is traceable, use `torch.compiler.allow_in_graph`.
  torch._dynamo.utils.warn_once(explanation + "\n" + "\n".join(hints))
/usr/local/lib/python3.12/dist-packages/torch/_dynamo/variables/functions.py:2082: UserWarning: Dynamo does not know how to trace the builtin `<unknown module>.BF16Type.__new__.` This function is either a Python builtin (e.g. _warnings.warn) or a third-party C/C++ Python extension (perhaps created with pybind).
If it is a Python builtin, please file an issue on GitHub so the PyTorch team can add support for it and see the next case for a workaround.
If it is a third-party C/C++ Python extension, please either wrap it into a PyTorch-understood custom operator (see https://pytorch.org/tutorials/advanced/custom_ops_landing_page.html for more details) or, if it is traceable, use `torch.compiler.allow_in_graph`.
  torch._dynamo.utils.warn_once(explanation + "\n" + "\n".join(hints))
/usr/local/lib/python3.12/dist-packages/torch/_dynamo/variables/functions.py:2082: UserWarning: Dynamo does not know how to trace the builtin `<unknown module>.BF16Type.__new__.` This function is either a Python builtin (e.g. _warnings.warn) or a third-party C/C++ Python extension (perhaps created with pybind).
If it is a Python builtin, please file an issue on GitHub so the PyTorch team can add support for it and see the next case for a workaround.
If it is a third-party C/C++ Python extension, please either wrap it into a PyTorch-understood custom operator (see https://pytorch.org/tutorials/advanced/custom_ops_landing_page.html for more details) or, if it is traceable, use `torch.compiler.allow_in_graph`.
  torch._dynamo.utils.warn_once(explanation + "\n" + "\n".join(hints))
/usr/local/lib/python3.12/dist-packages/torch/_dynamo/variables/functions.py:2082: UserWarning: Dynamo does not know how to trace the builtin `<unknown module>.BF16Type.__new__.` This function is either a Python builtin (e.g. _warnings.warn) or a third-party C/C++ Python extension (perhaps created with pybind).
If it is a Python builtin, please file an issue on GitHub so the PyTorch team can add support for it and see the next case for a workaround.
If it is a third-party C/C++ Python extension, please either wrap it into a PyTorch-understood custom operator (see https://pytorch.org/tutorials/advanced/custom_ops_landing_page.html for more details) or, if it is traceable, use `torch.compiler.allow_in_graph`.
  torch._dynamo.utils.warn_once(explanation + "\n" + "\n".join(hints))
/usr/local/lib/python3.12/dist-packages/torch/_dynamo/variables/functions.py:2082: UserWarning: Dynamo does not know how to trace the builtin `<unknown module>.IntegerType.__new__.` This function is either a Python builtin (e.g. _warnings.warn) or a third-party C/C++ Python extension (perhaps created with pybind).
If it is a Python builtin, please file an issue on GitHub so the PyTorch team can add support for it and see the next case for a workaround.
If it is a third-party C/C++ Python extension, please either wrap it into a PyTorch-understood custom operator (see https://pytorch.org/tutorials/advanced/custom_ops_landing_page.html for more details) or, if it is traceable, use `torch.compiler.allow_in_graph`.
  torch._dynamo.utils.warn_once(explanation + "\n" + "\n".join(hints))
/usr/local/lib/python3.12/dist-packages/torch/_dynamo/variables/functions.py:2082: UserWarning: Dynamo does not know how to trace the builtin `<unknown module>.IntegerType.__new__.` This function is either a Python builtin (e.g. _warnings.warn) or a third-party C/C++ Python extension (perhaps created with pybind).
If it is a Python builtin, please file an issue on GitHub so the PyTorch team can add support for it and see the next case for a workaround.
If it is a third-party C/C++ Python extension, please either wrap it into a PyTorch-understood custom operator (see https://pytorch.org/tutorials/advanced/custom_ops_landing_page.html for more details) or, if it is traceable, use `torch.compiler.allow_in_graph`.
  torch._dynamo.utils.warn_once(explanation + "\n" + "\n".join(hints))
/usr/local/lib/python3.12/dist-packages/torch/_dynamo/variables/functions.py:2082: UserWarning: Dynamo does not know how to trace the builtin `<unknown module>.IntegerType.__new__.` This function is either a Python builtin (e.g. _warnings.warn) or a third-party C/C++ Python extension (perhaps created with pybind).
If it is a Python builtin, please file an issue on GitHub so the PyTorch team can add support for it and see the next case for a workaround.
If it is a third-party C/C++ Python extension, please either wrap it into a PyTorch-understood custom operator (see https://pytorch.org/tutorials/advanced/custom_ops_landing_page.html for more details) or, if it is traceable, use `torch.compiler.allow_in_graph`.
  torch._dynamo.utils.warn_once(explanation + "\n" + "\n".join(hints))
/usr/local/lib/python3.12/dist-packages/torch/_dynamo/variables/functions.py:2082: UserWarning: Dynamo does not know how to trace the builtin `<unknown module>.OpView.__new__.` This function is either a Python builtin (e.g. _warnings.warn) or a third-party C/C++ Python extension (perhaps created with pybind).
If it is a Python builtin, please file an issue on GitHub so the PyTorch team can add support for it and see the next case for a workaround.
If it is a third-party C/C++ Python extension, please either wrap it into a PyTorch-understood custom operator (see https://pytorch.org/tutorials/advanced/custom_ops_landing_page.html for more details) or, if it is traceable, use `torch.compiler.allow_in_graph`.
  torch._dynamo.utils.warn_once(explanation + "\n" + "\n".join(hints))
/usr/local/lib/python3.12/dist-packages/torch/_dynamo/variables/functions.py:2082: UserWarning: Dynamo does not know how to trace the builtin `<unknown module>.OpView.__new__.` This function is either a Python builtin (e.g. _warnings.warn) or a third-party C/C++ Python extension (perhaps created with pybind).
If it is a Python builtin, please file an issue on GitHub so the PyTorch team can add support for it and see the next case for a workaround.
If it is a third-party C/C++ Python extension, please either wrap it into a PyTorch-understood custom operator (see https://pytorch.org/tutorials/advanced/custom_ops_landing_page.html for more details) or, if it is traceable, use `torch.compiler.allow_in_graph`.
  torch._dynamo.utils.warn_once(explanation + "\n" + "\n".join(hints))
/usr/local/lib/python3.12/dist-packages/torch/_dynamo/variables/functions.py:2082: UserWarning: Dynamo does not know how to trace the builtin `<unknown module>.OpView.__new__.` This function is either a Python builtin (e.g. _warnings.warn) or a third-party C/C++ Python extension (perhaps created with pybind).
If it is a Python builtin, please file an issue on GitHub so the PyTorch team can add support for it and see the next case for a workaround.
If it is a third-party C/C++ Python extension, please either wrap it into a PyTorch-understood custom operator (see https://pytorch.org/tutorials/advanced/custom_ops_landing_page.html for more details) or, if it is traceable, use `torch.compiler.allow_in_graph`.
  torch._dynamo.utils.warn_once(explanation + "\n" + "\n".join(hints))
/usr/local/lib/python3.12/dist-packages/torch/_dynamo/variables/functions.py:2082: UserWarning: Dynamo does not know how to trace the builtin `<unknown module>.BF16Type.__new__.` This function is either a Python builtin (e.g. _warnings.warn) or a third-party C/C++ Python extension (perhaps created with pybind).
If it is a Python builtin, please file an issue on GitHub so the PyTorch team can add support for it and see the next case for a workaround.
If it is a third-party C/C++ Python extension, please either wrap it into a PyTorch-understood custom operator (see https://pytorch.org/tutorials/advanced/custom_ops_landing_page.html for more details) or, if it is traceable, use `torch.compiler.allow_in_graph`.
  torch._dynamo.utils.warn_once(explanation + "\n" + "\n".join(hints))
/usr/local/lib/python3.12/dist-packages/torch/_dynamo/variables/functions.py:2082: UserWarning: Dynamo does not know how to trace the builtin `<unknown module>.IntegerType.__new__.` This function is either a Python builtin (e.g. _warnings.warn) or a third-party C/C++ Python extension (perhaps created with pybind).
If it is a Python builtin, please file an issue on GitHub so the PyTorch team can add support for it and see the next case for a workaround.
If it is a third-party C/C++ Python extension, please either wrap it into a PyTorch-understood custom operator (see https://pytorch.org/tutorials/advanced/custom_ops_landing_page.html for more details) or, if it is traceable, use `torch.compiler.allow_in_graph`.
  torch._dynamo.utils.warn_once(explanation + "\n" + "\n".join(hints))
/usr/local/lib/python3.12/dist-packages/torch/_dynamo/variables/functions.py:2082: UserWarning: Dynamo does not know how to trace the builtin `<unknown module>.OpView.__new__.` This function is either a Python builtin (e.g. _warnings.warn) or a third-party C/C++ Python extension (perhaps created with pybind).
If it is a Python builtin, please file an issue on GitHub so the PyTorch team can add support for it and see the next case for a workaround.
If it is a third-party C/C++ Python extension, please either wrap it into a PyTorch-understood custom operator (see https://pytorch.org/tutorials/advanced/custom_ops_landing_page.html for more details) or, if it is traceable, use `torch.compiler.allow_in_graph`.
  torch._dynamo.utils.warn_once(explanation + "\n" + "\n".join(hints))
step 50/60 83% [main] | loss 5.841 | lr 1.67e-03 | gnorm 2.17 | 0.05B tok | 24K tok/s/gpu | MFU 10% | ETA 0.0h
step 60/60 100% [anneal] | loss 5.532 | lr 2.00e-03 | gnorm 2.12 | 0.06B tok | 58K tok/s/gpu | MFU 24% | ETA 0.0h
[rank6]:W0831 07:39:58.684000 572753 torch/_dynamo/convert_frame.py:1743] [17/64] torch._dynamo hit config.recompile_limit (64)
[rank6]:W0831 07:39:58.684000 572753 torch/_dynamo/convert_frame.py:1743] [17/64]    function: 'torch_dynamo_resume_in__flash_attn_fwd_at_406' (/usr/local/lib/python3.12/dist-packages/flash_attn/cute/interface.py:406)
[rank6]:W0831 07:39:58.684000 572753 torch/_dynamo/convert_frame.py:1743] [17/64]    last reason: 17/62: batch_size == 80                                         # total_mblocks = batch_size * num_head_kv * num_m_blocks  # flash_attn/cute/interface.py:541 in torch_dynamo_resume_in__flash_attn_fwd_at_406
[rank6]:W0831 07:39:58.684000 572753 torch/_dynamo/convert_frame.py:1743] [17/64] User stack trace:
[rank6]:W0831 07:39:58.684000 572753 torch/_dynamo/convert_frame.py:1743] [17/64]   File "/usr/local/lib/python3.12/dist-packages/flash_attn/cute/interface.py", line 541, in torch_dynamo_resume_in__flash_attn_fwd_at_406
[rank6]:W0831 07:39:58.684000 572753 torch/_dynamo/convert_frame.py:1743] [17/64]     total_mblocks = batch_size * num_head_kv * num_m_blocks
[rank6]:W0831 07:39:58.684000 572753 torch/_dynamo/convert_frame.py:1743] [17/64] To log all recompilation reasons, use TORCH_LOGS="recompiles".
[rank6]:W0831 07:39:58.684000 572753 torch/_dynamo/convert_frame.py:1743] [17/64] To diagnose recompilation issues, see https://docs.pytorch.org/docs/main/user_guide/torch_compiler/compile/programming_model.recompilation.html
[rank3]:W0831 07:39:59.740000 572750 torch/_dynamo/convert_frame.py:1743] [17/64] torch._dynamo hit config.recompile_limit (64)
[rank3]:W0831 07:39:59.740000 572750 torch/_dynamo/convert_frame.py:1743] [17/64]    function: 'torch_dynamo_resume_in__flash_attn_fwd_at_406' (/usr/local/lib/python3.12/dist-packages/flash_attn/cute/interface.py:406)
[rank3]:W0831 07:39:59.740000 572750 torch/_dynamo/convert_frame.py:1743] [17/64]    last reason: 17/63: batch_size == 72                                         # total_mblocks = batch_size * num_head_kv * num_m_blocks  # flash_attn/cute/interface.py:541 in torch_dynamo_resume_in__flash_attn_fwd_at_406
[rank3]:W0831 07:39:59.740000 572750 torch/_dynamo/convert_frame.py:1743] [17/64] User stack trace:
[rank3]:W0831 07:39:59.740000 572750 torch/_dynamo/convert_frame.py:1743] [17/64]   File "/usr/local/lib/python3.12/dist-packages/flash_attn/cute/interface.py", line 541, in torch_dynamo_resume_in__flash_attn_fwd_at_406
[rank3]:W0831 07:39:59.740000 572750 torch/_dynamo/convert_frame.py:1743] [17/64]     total_mblocks = batch_size * num_head_kv * num_m_blocks
[rank3]:W0831 07:39:59.740000 572750 torch/_dynamo/convert_frame.py:1743] [17/64] To log all recompilation reasons, use TORCH_LOGS="recompiles".
[rank3]:W0831 07:39:59.740000 572750 torch/_dynamo/convert_frame.py:1743] [17/64] To diagnose recompilation issues, see https://docs.pytorch.org/docs/main/user_guide/torch_compiler/compile/programming_model.recompilation.html
[rank5]:W0831 07:40:00.909000 572752 torch/_dynamo/convert_frame.py:1743] [17/64] torch._dynamo hit config.recompile_limit (64)
[rank5]:W0831 07:40:00.909000 572752 torch/_dynamo/convert_frame.py:1743] [17/64]    function: 'torch_dynamo_resume_in__flash_attn_fwd_at_406' (/usr/local/lib/python3.12/dist-packages/flash_attn/cute/interface.py:406)
[rank5]:W0831 07:40:00.909000 572752 torch/_dynamo/convert_frame.py:1743] [17/64]    last reason: 17/61: batch_size == 67                                         # total_mblocks = batch_size * num_head_kv * num_m_blocks  # flash_attn/cute/interface.py:541 in torch_dynamo_resume_in__flash_attn_fwd_at_406
[rank5]:W0831 07:40:00.909000 572752 torch/_dynamo/convert_frame.py:1743] [17/64] User stack trace:
[rank5]:W0831 07:40:00.909000 572752 torch/_dynamo/convert_frame.py:1743] [17/64]   File "/usr/local/lib/python3.12/dist-packages/flash_attn/cute/interface.py", line 541, in torch_dynamo_resume_in__flash_attn_fwd_at_406
[rank5]:W0831 07:40:00.909000 572752 torch/_dynamo/convert_frame.py:1743] [17/64]     total_mblocks = batch_size * num_head_kv * num_m_blocks
[rank5]:W0831 07:40:00.909000 572752 torch/_dynamo/convert_frame.py:1743] [17/64] To log all recompilation reasons, use TORCH_LOGS="recompiles".
[rank5]:W0831 07:40:00.909000 572752 torch/_dynamo/convert_frame.py:1743] [17/64] To diagnose recompilation issues, see https://docs.pytorch.org/docs/main/user_guide/torch_compiler/compile/programming_model.recompilation.html
[rank1]:W0831 07:40:01.090000 572748 torch/_dynamo/convert_frame.py:1743] [17/64] torch._dynamo hit config.recompile_limit (64)
[rank1]:W0831 07:40:01.090000 572748 torch/_dynamo/convert_frame.py:1743] [17/64]    function: 'torch_dynamo_resume_in__flash_attn_fwd_at_406' (/usr/local/lib/python3.12/dist-packages/flash_attn/cute/interface.py:406)
[rank1]:W0831 07:40:01.090000 572748 torch/_dynamo/convert_frame.py:1743] [17/64]    last reason: 17/57: batch_size == 80                                         # total_mblocks = batch_size * num_head_kv * num_m_blocks  # flash_attn/cute/interface.py:541 in torch_dynamo_resume_in__flash_attn_fwd_at_406
[rank1]:W0831 07:40:01.090000 572748 torch/_dynamo/convert_frame.py:1743] [17/64] User stack trace:
[rank1]:W0831 07:40:01.090000 572748 torch/_dynamo/convert_frame.py:1743] [17/64]   File "/usr/local/lib/python3.12/dist-packages/flash_attn/cute/interface.py", line 541, in torch_dynamo_resume_in__flash_attn_fwd_at_406
[rank1]:W0831 07:40:01.090000 572748 torch/_dynamo/convert_frame.py:1743] [17/64]     total_mblocks = batch_size * num_head_kv * num_m_blocks
[rank1]:W0831 07:40:01.090000 572748 torch/_dynamo/convert_frame.py:1743] [17/64] To log all recompilation reasons, use TORCH_LOGS="recompiles".
[rank1]:W0831 07:40:01.090000 572748 torch/_dynamo/convert_frame.py:1743] [17/64] To diagnose recompilation issues, see https://docs.pytorch.org/docs/main/user_guide/torch_compiler/compile/programming_model.recompilation.html
[rank2]:W0831 07:40:03.935000 572749 torch/_dynamo/convert_frame.py:1743] [17/64] torch._dynamo hit config.recompile_limit (64)
[rank2]:W0831 07:40:03.935000 572749 torch/_dynamo/convert_frame.py:1743] [17/64]    function: 'torch_dynamo_resume_in__flash_attn_fwd_at_406' (/usr/local/lib/python3.12/dist-packages/flash_attn/cute/interface.py:406)
[rank2]:W0831 07:40:03.935000 572749 torch/_dynamo/convert_frame.py:1743] [17/64]    last reason: 17/52: batch_size == 99                                         # total_mblocks = batch_size * num_head_kv * num_m_blocks  # flash_attn/cute/interface.py:541 in torch_dynamo_resume_in__flash_attn_fwd_at_406
[rank2]:W0831 07:40:03.935000 572749 torch/_dynamo/convert_frame.py:1743] [17/64] User stack trace:
[rank2]:W0831 07:40:03.935000 572749 torch/_dynamo/convert_frame.py:1743] [17/64]   File "/usr/local/lib/python3.12/dist-packages/flash_attn/cute/interface.py", line 541, in torch_dynamo_resume_in__flash_attn_fwd_at_406
[rank2]:W0831 07:40:03.935000 572749 torch/_dynamo/convert_frame.py:1743] [17/64]     total_mblocks = batch_size * num_head_kv * num_m_blocks
[rank2]:W0831 07:40:03.935000 572749 torch/_dynamo/convert_frame.py:1743] [17/64] To log all recompilation reasons, use TORCH_LOGS="recompiles".
[rank2]:W0831 07:40:03.935000 572749 torch/_dynamo/convert_frame.py:1743] [17/64] To diagnose recompilation issues, see https://docs.pytorch.org/docs/main/user_guide/torch_compiler/compile/programming_model.recompilation.html
[rank4]:W0831 07:40:03.941000 572751 torch/_dynamo/convert_frame.py:1743] [17/64] torch._dynamo hit config.recompile_limit (64)
[rank4]:W0831 07:40:03.941000 572751 torch/_dynamo/convert_frame.py:1743] [17/64]    function: 'torch_dynamo_resume_in__flash_attn_fwd_at_406' (/usr/local/lib/python3.12/dist-packages/flash_attn/cute/interface.py:406)
[rank4]:W0831 07:40:03.941000 572751 torch/_dynamo/convert_frame.py:1743] [17/64]    last reason: 17/52: batch_size == 99                                         # total_mblocks = batch_size * num_head_kv * num_m_blocks  # flash_attn/cute/interface.py:541 in torch_dynamo_resume_in__flash_attn_fwd_at_406
[rank4]:W0831 07:40:03.941000 572751 torch/_dynamo/convert_frame.py:1743] [17/64] User stack trace:
[rank4]:W0831 07:40:03.941000 572751 torch/_dynamo/convert_frame.py:1743] [17/64]   File "/usr/local/lib/python3.12/dist-packages/flash_attn/cute/interface.py", line 541, in torch_dynamo_resume_in__flash_attn_fwd_at_406
[rank4]:W0831 07:40:03.941000 572751 torch/_dynamo/convert_frame.py:1743] [17/64]     total_mblocks = batch_size * num_head_kv * num_m_blocks
[rank4]:W0831 07:40:03.941000 572751 torch/_dynamo/convert_frame.py:1743] [17/64] To log all recompilation reasons, use TORCH_LOGS="recompiles".
[rank4]:W0831 07:40:03.941000 572751 torch/_dynamo/convert_frame.py:1743] [17/64] To diagnose recompilation issues, see https://docs.pytorch.org/docs/main/user_guide/torch_compiler/compile/programming_model.recompilation.html
[rank0]:W0831 07:40:04.397000 572747 torch/_dynamo/convert_frame.py:1743] [17/64] torch._dynamo hit config.recompile_limit (64)
[rank0]:W0831 07:40:04.397000 572747 torch/_dynamo/convert_frame.py:1743] [17/64]    function: 'torch_dynamo_resume_in__flash_attn_fwd_at_406' (/usr/local/lib/python3.12/dist-packages/flash_attn/cute/interface.py:406)
[rank0]:W0831 07:40:04.397000 572747 torch/_dynamo/convert_frame.py:1743] [17/64]    last reason: 17/57: batch_size == 80                                         # total_mblocks = batch_size * num_head_kv * num_m_blocks  # flash_attn/cute/interface.py:541 in torch_dynamo_resume_in__flash_attn_fwd_at_406
[rank0]:W0831 07:40:04.397000 572747 torch/_dynamo/convert_frame.py:1743] [17/64] User stack trace:
[rank0]:W0831 07:40:04.397000 572747 torch/_dynamo/convert_frame.py:1743] [17/64]   File "/usr/local/lib/python3.12/dist-packages/flash_attn/cute/interface.py", line 541, in torch_dynamo_resume_in__flash_attn_fwd_at_406
[rank0]:W0831 07:40:04.397000 572747 torch/_dynamo/convert_frame.py:1743] [17/64]     total_mblocks = batch_size * num_head_kv * num_m_blocks
[rank0]:W0831 07:40:04.397000 572747 torch/_dynamo/convert_frame.py:1743] [17/64] To log all recompilation reasons, use TORCH_LOGS="recompiles".
[rank0]:W0831 07:40:04.397000 572747 torch/_dynamo/convert_frame.py:1743] [17/64] To diagnose recompilation issues, see https://docs.pytorch.org/docs/main/user_guide/torch_compiler/compile/programming_model.recompilation.html
ep 1/1 train 5.532 val 5.781 117s
saved /work/aupai/ckpt_t38_resume.pt
/work/aupai/runs/t38_resume.log: no curves found
