W0831 09:55:58.305000 635848 torch/distributed/run.py:851] 
W0831 09:55:58.305000 635848 torch/distributed/run.py:851] *****************************************
W0831 09:55:58.305000 635848 torch/distributed/run.py:851] Setting OMP_NUM_THREADS environment variable for each process to be 1 in default, to avoid your system being overloaded, please further tune the variable for optimal performance in your application as needed. 
W0831 09:55:58.305000 635848 torch/distributed/run.py:851] *****************************************
corpus_fp: {'web_hq': '30838d423348b2e5', 'textbook': '3f237c5191cb8571', 'wiki': '44eb88458cfb3ed5', 'en': '9f37cb35219bb617', 'math': 'e1e86aa0b594c5ed', 'code': '5bb775eae9029669', 'chat': '080fdd63401b4ff9'}
/usr/local/lib/python3.12/dist-packages/torch/distributed/c10d_logger.py:83: UserWarning: barrier(): using the device under current context. You can specify `device_id` in `init_process_group` to mute this warning.
  return func(*args, **kwargs)
[rank0]:[W831 09:56:15.681383723 ProcessGroupNCCL.cpp:5188] Guessing device ID based on global rank. This can cause a hang if rank to GPU mapping is heterogeneous. You can specify device_id in init_process_group()
mix: web_hq 15811 rows = 0.05 epochs
mix: textbook 24228 rows = 0.06 epochs
mix: wiki 3696 rows = 0.06 epochs
mix: en 2418 rows = 0.06 epochs
mix: math 1228 rows = 0.06 epochs
mix: code 865 rows = 0.06 epochs
mix: chat 574 rows = 0.06 epochs
mix: 48820 rows = 0.20B tokens scheduled
FP8 compute enabled
params 206.1M | tokens 6974 | seqs 6974 | device cuda:0 | world 7 | fa True | fp8 True
cfg batch 16 accum 2 seq 4096 grad_ckpt False doc_mask True attn_res True/0 softcap 15.0 warmup 20 epochs 1 lr_scale 1.0 mix data/mix_scale_0.2b.json fone False
dynamo cache_size_limit=64 (need 25)
[rank1]:W0831 09:56:29.644000 635952 torch/_logging/_internal.py:1279] [0/0] Profiler record function <class 'torch.autograd.profiler.record_function'> will be ignored
[rank5]:W0831 09:56:29.648000 635956 torch/_logging/_internal.py:1279] [0/0] Profiler record function <class 'torch.autograd.profiler.record_function'> will be ignored
[rank0]:W0831 09:56:29.649000 635951 torch/_logging/_internal.py:1279] [0/0] Profiler record function <class 'torch.autograd.profiler.record_function'> will be ignored
[rank6]:W0831 09:56:29.653000 635957 torch/_logging/_internal.py:1279] [0/0] Profiler record function <class 'torch.autograd.profiler.record_function'> will be ignored
[rank3]:W0831 09:56:29.653000 635954 torch/_logging/_internal.py:1279] [0/0] Profiler record function <class 'torch.autograd.profiler.record_function'> will be ignored
[rank4]:W0831 09:56:29.655000 635955 torch/_logging/_internal.py:1279] [0/0] Profiler record function <class 'torch.autograd.profiler.record_function'> will be ignored
[rank2]:W0831 09:56:29.663000 635953 torch/_logging/_internal.py:1279] [0/0] Profiler record function <class 'torch.autograd.profiler.record_function'> will be ignored
/usr/local/lib/python3.12/dist-packages/torch/_dynamo/variables/functions.py:2202: UserWarning: Dynamo detected a call to a `functools.lru_cache`-wrapped function at 'interface.py:424'. Dynamo ignores the cache wrapper and directly traces the wrapped function. Silent incorrectness is only a *potential* risk, not something we have observed. Enable TORCH_LOGS=+dynamo for a DEBUG stack trace.

This call originates from:
  File "/usr/local/lib/python3.12/dist-packages/flash_attn/cute/interface.py", line 424, in torch_dynamo_resume_in__flash_attn_fwd_at_406
    arch = _get_device_arch() if _arch is None else _arch

  torch._dynamo.utils.warn_once(msg)
/usr/local/lib/python3.12/dist-packages/torch/_dynamo/variables/functions.py:2202: UserWarning: Dynamo detected a call to a `functools.lru_cache`-wrapped function at 'interface.py:424'. Dynamo ignores the cache wrapper and directly traces the wrapped function. Silent incorrectness is only a *potential* risk, not something we have observed. Enable TORCH_LOGS=+dynamo for a DEBUG stack trace.

This call originates from:
  File "/usr/local/lib/python3.12/dist-packages/flash_attn/cute/interface.py", line 424, in torch_dynamo_resume_in__flash_attn_fwd_at_406
    arch = _get_device_arch() if _arch is None else _arch

  torch._dynamo.utils.warn_once(msg)
/usr/local/lib/python3.12/dist-packages/torch/_dynamo/variables/functions.py:2202: UserWarning: Dynamo detected a call to a `functools.lru_cache`-wrapped function at 'interface.py:424'. Dynamo ignores the cache wrapper and directly traces the wrapped function. Silent incorrectness is only a *potential* risk, not something we have observed. Enable TORCH_LOGS=+dynamo for a DEBUG stack trace.

This call originates from:
  File "/usr/local/lib/python3.12/dist-packages/flash_attn/cute/interface.py", line 424, in torch_dynamo_resume_in__flash_attn_fwd_at_406
    arch = _get_device_arch() if _arch is None else _arch

  torch._dynamo.utils.warn_once(msg)
/usr/local/lib/python3.12/dist-packages/torch/_dynamo/variables/functions.py:2202: UserWarning: Dynamo detected a call to a `functools.lru_cache`-wrapped function at 'interface.py:424'. Dynamo ignores the cache wrapper and directly traces the wrapped function. Silent incorrectness is only a *potential* risk, not something we have observed. Enable TORCH_LOGS=+dynamo for a DEBUG stack trace.

This call originates from:
  File "/usr/local/lib/python3.12/dist-packages/flash_attn/cute/interface.py", line 424, in torch_dynamo_resume_in__flash_attn_fwd_at_406
    arch = _get_device_arch() if _arch is None else _arch

  torch._dynamo.utils.warn_once(msg)
/usr/local/lib/python3.12/dist-packages/torch/_dynamo/variables/functions.py:2202: UserWarning: Dynamo detected a call to a `functools.lru_cache`-wrapped function at 'interface.py:424'. Dynamo ignores the cache wrapper and directly traces the wrapped function. Silent incorrectness is only a *potential* risk, not something we have observed. Enable TORCH_LOGS=+dynamo for a DEBUG stack trace.

This call originates from:
  File "/usr/local/lib/python3.12/dist-packages/flash_attn/cute/interface.py", line 424, in torch_dynamo_resume_in__flash_attn_fwd_at_406
    arch = _get_device_arch() if _arch is None else _arch

  torch._dynamo.utils.warn_once(msg)
/usr/local/lib/python3.12/dist-packages/torch/_dynamo/variables/functions.py:2202: UserWarning: Dynamo detected a call to a `functools.lru_cache`-wrapped function at 'interface.py:424'. Dynamo ignores the cache wrapper and directly traces the wrapped function. Silent incorrectness is only a *potential* risk, not something we have observed. Enable TORCH_LOGS=+dynamo for a DEBUG stack trace.

This call originates from:
  File "/usr/local/lib/python3.12/dist-packages/flash_attn/cute/interface.py", line 424, in torch_dynamo_resume_in__flash_attn_fwd_at_406
    arch = _get_device_arch() if _arch is None else _arch

  torch._dynamo.utils.warn_once(msg)
/usr/local/lib/python3.12/dist-packages/torch/_dynamo/variables/functions.py:2202: UserWarning: Dynamo detected a call to a `functools.lru_cache`-wrapped function at 'interface.py:424'. Dynamo ignores the cache wrapper and directly traces the wrapped function. Silent incorrectness is only a *potential* risk, not something we have observed. Enable TORCH_LOGS=+dynamo for a DEBUG stack trace.

This call originates from:
  File "/usr/local/lib/python3.12/dist-packages/flash_attn/cute/interface.py", line 424, in torch_dynamo_resume_in__flash_attn_fwd_at_406
    arch = _get_device_arch() if _arch is None else _arch

  torch._dynamo.utils.warn_once(msg)
/usr/local/lib/python3.12/dist-packages/torch/_dynamo/variables/functions.py:2082: UserWarning: Dynamo does not know how to trace the builtin `<unknown module>.DLTensorWrapper.__new__.` This function is either a Python builtin (e.g. _warnings.warn) or a third-party C/C++ Python extension (perhaps created with pybind).
If it is a Python builtin, please file an issue on GitHub so the PyTorch team can add support for it and see the next case for a workaround.
If it is a third-party C/C++ Python extension, please either wrap it into a PyTorch-understood custom operator (see https://pytorch.org/tutorials/advanced/custom_ops_landing_page.html for more details) or, if it is traceable, use `torch.compiler.allow_in_graph`.
  torch._dynamo.utils.warn_once(explanation + "\n" + "\n".join(hints))
/usr/local/lib/python3.12/dist-packages/torch/_dynamo/variables/functions.py:2082: UserWarning: Dynamo does not know how to trace the builtin `<unknown module>.DLTensorWrapper.__new__.` This function is either a Python builtin (e.g. _warnings.warn) or a third-party C/C++ Python extension (perhaps created with pybind).
If it is a Python builtin, please file an issue on GitHub so the PyTorch team can add support for it and see the next case for a workaround.
If it is a third-party C/C++ Python extension, please either wrap it into a PyTorch-understood custom operator (see https://pytorch.org/tutorials/advanced/custom_ops_landing_page.html for more details) or, if it is traceable, use `torch.compiler.allow_in_graph`.
  torch._dynamo.utils.warn_once(explanation + "\n" + "\n".join(hints))
/usr/local/lib/python3.12/dist-packages/torch/_dynamo/variables/functions.py:2082: UserWarning: Dynamo does not know how to trace the builtin `<unknown module>.DLTensorWrapper.__new__.` This function is either a Python builtin (e.g. _warnings.warn) or a third-party C/C++ Python extension (perhaps created with pybind).
If it is a Python builtin, please file an issue on GitHub so the PyTorch team can add support for it and see the next case for a workaround.
If it is a third-party C/C++ Python extension, please either wrap it into a PyTorch-understood custom operator (see https://pytorch.org/tutorials/advanced/custom_ops_landing_page.html for more details) or, if it is traceable, use `torch.compiler.allow_in_graph`.
  torch._dynamo.utils.warn_once(explanation + "\n" + "\n".join(hints))
/usr/local/lib/python3.12/dist-packages/torch/_dynamo/variables/functions.py:2082: UserWarning: Dynamo does not know how to trace the builtin `<unknown module>.DLTensorWrapper.__new__.` This function is either a Python builtin (e.g. _warnings.warn) or a third-party C/C++ Python extension (perhaps created with pybind).
If it is a Python builtin, please file an issue on GitHub so the PyTorch team can add support for it and see the next case for a workaround.
If it is a third-party C/C++ Python extension, please either wrap it into a PyTorch-understood custom operator (see https://pytorch.org/tutorials/advanced/custom_ops_landing_page.html for more details) or, if it is traceable, use `torch.compiler.allow_in_graph`.
  torch._dynamo.utils.warn_once(explanation + "\n" + "\n".join(hints))
/usr/local/lib/python3.12/dist-packages/torch/_dynamo/variables/functions.py:2082: UserWarning: Dynamo does not know how to trace the builtin `<unknown module>.DLTensorWrapper.__new__.` This function is either a Python builtin (e.g. _warnings.warn) or a third-party C/C++ Python extension (perhaps created with pybind).
If it is a Python builtin, please file an issue on GitHub so the PyTorch team can add support for it and see the next case for a workaround.
If it is a third-party C/C++ Python extension, please either wrap it into a PyTorch-understood custom operator (see https://pytorch.org/tutorials/advanced/custom_ops_landing_page.html for more details) or, if it is traceable, use `torch.compiler.allow_in_graph`.
  torch._dynamo.utils.warn_once(explanation + "\n" + "\n".join(hints))
/usr/local/lib/python3.12/dist-packages/torch/_dynamo/variables/functions.py:2082: UserWarning: Dynamo does not know how to trace the builtin `<unknown module>.DLTensorWrapper.__new__.` This function is either a Python builtin (e.g. _warnings.warn) or a third-party C/C++ Python extension (perhaps created with pybind).
If it is a Python builtin, please file an issue on GitHub so the PyTorch team can add support for it and see the next case for a workaround.
If it is a third-party C/C++ Python extension, please either wrap it into a PyTorch-understood custom operator (see https://pytorch.org/tutorials/advanced/custom_ops_landing_page.html for more details) or, if it is traceable, use `torch.compiler.allow_in_graph`.
  torch._dynamo.utils.warn_once(explanation + "\n" + "\n".join(hints))
/usr/local/lib/python3.12/dist-packages/torch/_dynamo/variables/functions.py:2082: UserWarning: Dynamo does not know how to trace the builtin `<unknown module>.DLTensorWrapper.__new__.` This function is either a Python builtin (e.g. _warnings.warn) or a third-party C/C++ Python extension (perhaps created with pybind).
If it is a Python builtin, please file an issue on GitHub so the PyTorch team can add support for it and see the next case for a workaround.
If it is a third-party C/C++ Python extension, please either wrap it into a PyTorch-understood custom operator (see https://pytorch.org/tutorials/advanced/custom_ops_landing_page.html for more details) or, if it is traceable, use `torch.compiler.allow_in_graph`.
  torch._dynamo.utils.warn_once(explanation + "\n" + "\n".join(hints))
/usr/local/lib/python3.12/dist-packages/torch/_dynamo/variables/functions.py:2082: UserWarning: Dynamo does not know how to trace the builtin `sys._getframe.` This function is either a Python builtin (e.g. _warnings.warn) or a third-party C/C++ Python extension (perhaps created with pybind).
If it is a Python builtin, please file an issue on GitHub so the PyTorch team can add support for it and see the next case for a workaround.
If it is a third-party C/C++ Python extension, please either wrap it into a PyTorch-understood custom operator (see https://pytorch.org/tutorials/advanced/custom_ops_landing_page.html for more details) or, if it is traceable, use `torch.compiler.allow_in_graph`.
  torch._dynamo.utils.warn_once(explanation + "\n" + "\n".join(hints))
/usr/local/lib/python3.12/dist-packages/torch/_dynamo/variables/functions.py:2082: UserWarning: Dynamo does not know how to trace the builtin `sys._getframe.` This function is either a Python builtin (e.g. _warnings.warn) or a third-party C/C++ Python extension (perhaps created with pybind).
If it is a Python builtin, please file an issue on GitHub so the PyTorch team can add support for it and see the next case for a workaround.
If it is a third-party C/C++ Python extension, please either wrap it into a PyTorch-understood custom operator (see https://pytorch.org/tutorials/advanced/custom_ops_landing_page.html for more details) or, if it is traceable, use `torch.compiler.allow_in_graph`.
  torch._dynamo.utils.warn_once(explanation + "\n" + "\n".join(hints))
/usr/local/lib/python3.12/dist-packages/torch/_dynamo/variables/functions.py:2082: UserWarning: Dynamo does not know how to trace the builtin `sys._getframe.` This function is either a Python builtin (e.g. _warnings.warn) or a third-party C/C++ Python extension (perhaps created with pybind).
If it is a Python builtin, please file an issue on GitHub so the PyTorch team can add support for it and see the next case for a workaround.
If it is a third-party C/C++ Python extension, please either wrap it into a PyTorch-understood custom operator (see https://pytorch.org/tutorials/advanced/custom_ops_landing_page.html for more details) or, if it is traceable, use `torch.compiler.allow_in_graph`.
  torch._dynamo.utils.warn_once(explanation + "\n" + "\n".join(hints))
/usr/local/lib/python3.12/dist-packages/torch/_dynamo/variables/functions.py:2082: UserWarning: Dynamo does not know how to trace the builtin `<unknown module>.BF16Type.__new__.` This function is either a Python builtin (e.g. _warnings.warn) or a third-party C/C++ Python extension (perhaps created with pybind).
If it is a Python builtin, please file an issue on GitHub so the PyTorch team can add support for it and see the next case for a workaround.
If it is a third-party C/C++ Python extension, please either wrap it into a PyTorch-understood custom operator (see https://pytorch.org/tutorials/advanced/custom_ops_landing_page.html for more details) or, if it is traceable, use `torch.compiler.allow_in_graph`.
  torch._dynamo.utils.warn_once(explanation + "\n" + "\n".join(hints))
/usr/local/lib/python3.12/dist-packages/torch/_dynamo/variables/functions.py:2082: UserWarning: Dynamo does not know how to trace the builtin `sys._getframe.` This function is either a Python builtin (e.g. _warnings.warn) or a third-party C/C++ Python extension (perhaps created with pybind).
If it is a Python builtin, please file an issue on GitHub so the PyTorch team can add support for it and see the next case for a workaround.
If it is a third-party C/C++ Python extension, please either wrap it into a PyTorch-understood custom operator (see https://pytorch.org/tutorials/advanced/custom_ops_landing_page.html for more details) or, if it is traceable, use `torch.compiler.allow_in_graph`.
  torch._dynamo.utils.warn_once(explanation + "\n" + "\n".join(hints))
/usr/local/lib/python3.12/dist-packages/torch/_dynamo/variables/functions.py:2082: UserWarning: Dynamo does not know how to trace the builtin `<unknown module>.IntegerType.__new__.` This function is either a Python builtin (e.g. _warnings.warn) or a third-party C/C++ Python extension (perhaps created with pybind).
If it is a Python builtin, please file an issue on GitHub so the PyTorch team can add support for it and see the next case for a workaround.
If it is a third-party C/C++ Python extension, please either wrap it into a PyTorch-understood custom operator (see https://pytorch.org/tutorials/advanced/custom_ops_landing_page.html for more details) or, if it is traceable, use `torch.compiler.allow_in_graph`.
  torch._dynamo.utils.warn_once(explanation + "\n" + "\n".join(hints))
/usr/local/lib/python3.12/dist-packages/torch/_dynamo/variables/functions.py:2082: UserWarning: Dynamo does not know how to trace the builtin `sys._getframe.` This function is either a Python builtin (e.g. _warnings.warn) or a third-party C/C++ Python extension (perhaps created with pybind).
If it is a Python builtin, please file an issue on GitHub so the PyTorch team can add support for it and see the next case for a workaround.
If it is a third-party C/C++ Python extension, please either wrap it into a PyTorch-understood custom operator (see https://pytorch.org/tutorials/advanced/custom_ops_landing_page.html for more details) or, if it is traceable, use `torch.compiler.allow_in_graph`.
  torch._dynamo.utils.warn_once(explanation + "\n" + "\n".join(hints))
/usr/local/lib/python3.12/dist-packages/torch/_dynamo/variables/functions.py:2082: UserWarning: Dynamo does not know how to trace the builtin `<unknown module>.BF16Type.__new__.` This function is either a Python builtin (e.g. _warnings.warn) or a third-party C/C++ Python extension (perhaps created with pybind).
If it is a Python builtin, please file an issue on GitHub so the PyTorch team can add support for it and see the next case for a workaround.
If it is a third-party C/C++ Python extension, please either wrap it into a PyTorch-understood custom operator (see https://pytorch.org/tutorials/advanced/custom_ops_landing_page.html for more details) or, if it is traceable, use `torch.compiler.allow_in_graph`.
  torch._dynamo.utils.warn_once(explanation + "\n" + "\n".join(hints))
/usr/local/lib/python3.12/dist-packages/torch/_dynamo/variables/functions.py:2082: UserWarning: Dynamo does not know how to trace the builtin `<unknown module>.BF16Type.__new__.` This function is either a Python builtin (e.g. _warnings.warn) or a third-party C/C++ Python extension (perhaps created with pybind).
If it is a Python builtin, please file an issue on GitHub so the PyTorch team can add support for it and see the next case for a workaround.
If it is a third-party C/C++ Python extension, please either wrap it into a PyTorch-understood custom operator (see https://pytorch.org/tutorials/advanced/custom_ops_landing_page.html for more details) or, if it is traceable, use `torch.compiler.allow_in_graph`.
  torch._dynamo.utils.warn_once(explanation + "\n" + "\n".join(hints))
/usr/local/lib/python3.12/dist-packages/torch/_dynamo/variables/functions.py:2082: UserWarning: Dynamo does not know how to trace the builtin `<unknown module>.OpView.__new__.` This function is either a Python builtin (e.g. _warnings.warn) or a third-party C/C++ Python extension (perhaps created with pybind).
If it is a Python builtin, please file an issue on GitHub so the PyTorch team can add support for it and see the next case for a workaround.
If it is a third-party C/C++ Python extension, please either wrap it into a PyTorch-understood custom operator (see https://pytorch.org/tutorials/advanced/custom_ops_landing_page.html for more details) or, if it is traceable, use `torch.compiler.allow_in_graph`.
  torch._dynamo.utils.warn_once(explanation + "\n" + "\n".join(hints))
/usr/local/lib/python3.12/dist-packages/torch/_dynamo/variables/functions.py:2082: UserWarning: Dynamo does not know how to trace the builtin `sys._getframe.` This function is either a Python builtin (e.g. _warnings.warn) or a third-party C/C++ Python extension (perhaps created with pybind).
If it is a Python builtin, please file an issue on GitHub so the PyTorch team can add support for it and see the next case for a workaround.
If it is a third-party C/C++ Python extension, please either wrap it into a PyTorch-understood custom operator (see https://pytorch.org/tutorials/advanced/custom_ops_landing_page.html for more details) or, if it is traceable, use `torch.compiler.allow_in_graph`.
  torch._dynamo.utils.warn_once(explanation + "\n" + "\n".join(hints))
/usr/local/lib/python3.12/dist-packages/torch/_dynamo/variables/functions.py:2082: UserWarning: Dynamo does not know how to trace the builtin `<unknown module>.IntegerType.__new__.` This function is either a Python builtin (e.g. _warnings.warn) or a third-party C/C++ Python extension (perhaps created with pybind).
If it is a Python builtin, please file an issue on GitHub so the PyTorch team can add support for it and see the next case for a workaround.
If it is a third-party C/C++ Python extension, please either wrap it into a PyTorch-understood custom operator (see https://pytorch.org/tutorials/advanced/custom_ops_landing_page.html for more details) or, if it is traceable, use `torch.compiler.allow_in_graph`.
  torch._dynamo.utils.warn_once(explanation + "\n" + "\n".join(hints))
/usr/local/lib/python3.12/dist-packages/torch/_dynamo/variables/functions.py:2082: UserWarning: Dynamo does not know how to trace the builtin `<unknown module>.IntegerType.__new__.` This function is either a Python builtin (e.g. _warnings.warn) or a third-party C/C++ Python extension (perhaps created with pybind).
If it is a Python builtin, please file an issue on GitHub so the PyTorch team can add support for it and see the next case for a workaround.
If it is a third-party C/C++ Python extension, please either wrap it into a PyTorch-understood custom operator (see https://pytorch.org/tutorials/advanced/custom_ops_landing_page.html for more details) or, if it is traceable, use `torch.compiler.allow_in_graph`.
  torch._dynamo.utils.warn_once(explanation + "\n" + "\n".join(hints))
/usr/local/lib/python3.12/dist-packages/torch/_dynamo/variables/functions.py:2082: UserWarning: Dynamo does not know how to trace the builtin `<unknown module>.BF16Type.__new__.` This function is either a Python builtin (e.g. _warnings.warn) or a third-party C/C++ Python extension (perhaps created with pybind).
If it is a Python builtin, please file an issue on GitHub so the PyTorch team can add support for it and see the next case for a workaround.
If it is a third-party C/C++ Python extension, please either wrap it into a PyTorch-understood custom operator (see https://pytorch.org/tutorials/advanced/custom_ops_landing_page.html for more details) or, if it is traceable, use `torch.compiler.allow_in_graph`.
  torch._dynamo.utils.warn_once(explanation + "\n" + "\n".join(hints))
/usr/local/lib/python3.12/dist-packages/torch/_dynamo/variables/functions.py:2082: UserWarning: Dynamo does not know how to trace the builtin `sys._getframe.` This function is either a Python builtin (e.g. _warnings.warn) or a third-party C/C++ Python extension (perhaps created with pybind).
If it is a Python builtin, please file an issue on GitHub so the PyTorch team can add support for it and see the next case for a workaround.
If it is a third-party C/C++ Python extension, please either wrap it into a PyTorch-understood custom operator (see https://pytorch.org/tutorials/advanced/custom_ops_landing_page.html for more details) or, if it is traceable, use `torch.compiler.allow_in_graph`.
  torch._dynamo.utils.warn_once(explanation + "\n" + "\n".join(hints))
/usr/local/lib/python3.12/dist-packages/torch/_dynamo/variables/functions.py:2082: UserWarning: Dynamo does not know how to trace the builtin `<unknown module>.OpView.__new__.` This function is either a Python builtin (e.g. _warnings.warn) or a third-party C/C++ Python extension (perhaps created with pybind).
If it is a Python builtin, please file an issue on GitHub so the PyTorch team can add support for it and see the next case for a workaround.
If it is a third-party C/C++ Python extension, please either wrap it into a PyTorch-understood custom operator (see https://pytorch.org/tutorials/advanced/custom_ops_landing_page.html for more details) or, if it is traceable, use `torch.compiler.allow_in_graph`.
  torch._dynamo.utils.warn_once(explanation + "\n" + "\n".join(hints))
/usr/local/lib/python3.12/dist-packages/torch/_dynamo/variables/functions.py:2082: UserWarning: Dynamo does not know how to trace the builtin `<unknown module>.OpView.__new__.` This function is either a Python builtin (e.g. _warnings.warn) or a third-party C/C++ Python extension (perhaps created with pybind).
If it is a Python builtin, please file an issue on GitHub so the PyTorch team can add support for it and see the next case for a workaround.
If it is a third-party C/C++ Python extension, please either wrap it into a PyTorch-understood custom operator (see https://pytorch.org/tutorials/advanced/custom_ops_landing_page.html for more details) or, if it is traceable, use `torch.compiler.allow_in_graph`.
  torch._dynamo.utils.warn_once(explanation + "\n" + "\n".join(hints))
/usr/local/lib/python3.12/dist-packages/torch/_dynamo/variables/functions.py:2082: UserWarning: Dynamo does not know how to trace the builtin `<unknown module>.BF16Type.__new__.` This function is either a Python builtin (e.g. _warnings.warn) or a third-party C/C++ Python extension (perhaps created with pybind).
If it is a Python builtin, please file an issue on GitHub so the PyTorch team can add support for it and see the next case for a workaround.
If it is a third-party C/C++ Python extension, please either wrap it into a PyTorch-understood custom operator (see https://pytorch.org/tutorials/advanced/custom_ops_landing_page.html for more details) or, if it is traceable, use `torch.compiler.allow_in_graph`.
  torch._dynamo.utils.warn_once(explanation + "\n" + "\n".join(hints))
/usr/local/lib/python3.12/dist-packages/torch/_dynamo/variables/functions.py:2082: UserWarning: Dynamo does not know how to trace the builtin `<unknown module>.IntegerType.__new__.` This function is either a Python builtin (e.g. _warnings.warn) or a third-party C/C++ Python extension (perhaps created with pybind).
If it is a Python builtin, please file an issue on GitHub so the PyTorch team can add support for it and see the next case for a workaround.
If it is a third-party C/C++ Python extension, please either wrap it into a PyTorch-understood custom operator (see https://pytorch.org/tutorials/advanced/custom_ops_landing_page.html for more details) or, if it is traceable, use `torch.compiler.allow_in_graph`.
  torch._dynamo.utils.warn_once(explanation + "\n" + "\n".join(hints))
/usr/local/lib/python3.12/dist-packages/torch/_dynamo/variables/functions.py:2082: UserWarning: Dynamo does not know how to trace the builtin `<unknown module>.BF16Type.__new__.` This function is either a Python builtin (e.g. _warnings.warn) or a third-party C/C++ Python extension (perhaps created with pybind).
If it is a Python builtin, please file an issue on GitHub so the PyTorch team can add support for it and see the next case for a workaround.
If it is a third-party C/C++ Python extension, please either wrap it into a PyTorch-understood custom operator (see https://pytorch.org/tutorials/advanced/custom_ops_landing_page.html for more details) or, if it is traceable, use `torch.compiler.allow_in_graph`.
  torch._dynamo.utils.warn_once(explanation + "\n" + "\n".join(hints))
/usr/local/lib/python3.12/dist-packages/torch/_dynamo/variables/functions.py:2082: UserWarning: Dynamo does not know how to trace the builtin `<unknown module>.IntegerType.__new__.` This function is either a Python builtin (e.g. _warnings.warn) or a third-party C/C++ Python extension (perhaps created with pybind).
If it is a Python builtin, please file an issue on GitHub so the PyTorch team can add support for it and see the next case for a workaround.
If it is a third-party C/C++ Python extension, please either wrap it into a PyTorch-understood custom operator (see https://pytorch.org/tutorials/advanced/custom_ops_landing_page.html for more details) or, if it is traceable, use `torch.compiler.allow_in_graph`.
  torch._dynamo.utils.warn_once(explanation + "\n" + "\n".join(hints))
/usr/local/lib/python3.12/dist-packages/torch/_dynamo/variables/functions.py:2082: UserWarning: Dynamo does not know how to trace the builtin `<unknown module>.OpView.__new__.` This function is either a Python builtin (e.g. _warnings.warn) or a third-party C/C++ Python extension (perhaps created with pybind).
If it is a Python builtin, please file an issue on GitHub so the PyTorch team can add support for it and see the next case for a workaround.
If it is a third-party C/C++ Python extension, please either wrap it into a PyTorch-understood custom operator (see https://pytorch.org/tutorials/advanced/custom_ops_landing_page.html for more details) or, if it is traceable, use `torch.compiler.allow_in_graph`.
  torch._dynamo.utils.warn_once(explanation + "\n" + "\n".join(hints))
/usr/local/lib/python3.12/dist-packages/torch/_dynamo/variables/functions.py:2082: UserWarning: Dynamo does not know how to trace the builtin `<unknown module>.IntegerType.__new__.` This function is either a Python builtin (e.g. _warnings.warn) or a third-party C/C++ Python extension (perhaps created with pybind).
If it is a Python builtin, please file an issue on GitHub so the PyTorch team can add support for it and see the next case for a workaround.
If it is a third-party C/C++ Python extension, please either wrap it into a PyTorch-understood custom operator (see https://pytorch.org/tutorials/advanced/custom_ops_landing_page.html for more details) or, if it is traceable, use `torch.compiler.allow_in_graph`.
  torch._dynamo.utils.warn_once(explanation + "\n" + "\n".join(hints))
/usr/local/lib/python3.12/dist-packages/torch/_dynamo/variables/functions.py:2082: UserWarning: Dynamo does not know how to trace the builtin `<unknown module>.OpView.__new__.` This function is either a Python builtin (e.g. _warnings.warn) or a third-party C/C++ Python extension (perhaps created with pybind).
If it is a Python builtin, please file an issue on GitHub so the PyTorch team can add support for it and see the next case for a workaround.
If it is a third-party C/C++ Python extension, please either wrap it into a PyTorch-understood custom operator (see https://pytorch.org/tutorials/advanced/custom_ops_landing_page.html for more details) or, if it is traceable, use `torch.compiler.allow_in_graph`.
  torch._dynamo.utils.warn_once(explanation + "\n" + "\n".join(hints))
/usr/local/lib/python3.12/dist-packages/torch/_dynamo/variables/functions.py:2082: UserWarning: Dynamo does not know how to trace the builtin `<unknown module>.BF16Type.__new__.` This function is either a Python builtin (e.g. _warnings.warn) or a third-party C/C++ Python extension (perhaps created with pybind).
If it is a Python builtin, please file an issue on GitHub so the PyTorch team can add support for it and see the next case for a workaround.
If it is a third-party C/C++ Python extension, please either wrap it into a PyTorch-understood custom operator (see https://pytorch.org/tutorials/advanced/custom_ops_landing_page.html for more details) or, if it is traceable, use `torch.compiler.allow_in_graph`.
  torch._dynamo.utils.warn_once(explanation + "\n" + "\n".join(hints))
/usr/local/lib/python3.12/dist-packages/torch/_dynamo/variables/functions.py:2082: UserWarning: Dynamo does not know how to trace the builtin `<unknown module>.OpView.__new__.` This function is either a Python builtin (e.g. _warnings.warn) or a third-party C/C++ Python extension (perhaps created with pybind).
If it is a Python builtin, please file an issue on GitHub so the PyTorch team can add support for it and see the next case for a workaround.
If it is a third-party C/C++ Python extension, please either wrap it into a PyTorch-understood custom operator (see https://pytorch.org/tutorials/advanced/custom_ops_landing_page.html for more details) or, if it is traceable, use `torch.compiler.allow_in_graph`.
  torch._dynamo.utils.warn_once(explanation + "\n" + "\n".join(hints))
/usr/local/lib/python3.12/dist-packages/torch/_dynamo/variables/functions.py:2082: UserWarning: Dynamo does not know how to trace the builtin `<unknown module>.IntegerType.__new__.` This function is either a Python builtin (e.g. _warnings.warn) or a third-party C/C++ Python extension (perhaps created with pybind).
If it is a Python builtin, please file an issue on GitHub so the PyTorch team can add support for it and see the next case for a workaround.
If it is a third-party C/C++ Python extension, please either wrap it into a PyTorch-understood custom operator (see https://pytorch.org/tutorials/advanced/custom_ops_landing_page.html for more details) or, if it is traceable, use `torch.compiler.allow_in_graph`.
  torch._dynamo.utils.warn_once(explanation + "\n" + "\n".join(hints))
/usr/local/lib/python3.12/dist-packages/torch/_dynamo/variables/functions.py:2082: UserWarning: Dynamo does not know how to trace the builtin `<unknown module>.OpView.__new__.` This function is either a Python builtin (e.g. _warnings.warn) or a third-party C/C++ Python extension (perhaps created with pybind).
If it is a Python builtin, please file an issue on GitHub so the PyTorch team can add support for it and see the next case for a workaround.
If it is a third-party C/C++ Python extension, please either wrap it into a PyTorch-understood custom operator (see https://pytorch.org/tutorials/advanced/custom_ops_landing_page.html for more details) or, if it is traceable, use `torch.compiler.allow_in_graph`.
  torch._dynamo.utils.warn_once(explanation + "\n" + "\n".join(hints))
step 10/50 20% [main] | loss 7.834 | lr 5.00e-03 | gnorm 2.58 | 0.01B tok | 25K tok/s/gpu | MFU 10% | ETA 0.1h
step 20/50 40% [main] | loss 6.830 | lr 1.00e-02 | gnorm 1.91 | 0.02B tok | 69K tok/s/gpu | MFU 29% | ETA 0.0h
step 30/50 60% [main] | loss 6.016 | lr 7.49e-03 | gnorm 0.88 | 0.03B tok | 63K tok/s/gpu | MFU 26% | ETA 0.0h
step 40/50 80% [main] | loss 5.699 | lr 3.01e-03 | gnorm 0.54 | 0.04B tok | 71K tok/s/gpu | MFU 30% | ETA 0.0h
step 50/50 100% [anneal] | loss 5.534 | lr 5.23e-04 | gnorm 0.25 | 0.05B tok | 72K tok/s/gpu | MFU 30% | ETA 0.0h
[rank6]:W0831 09:58:58.918000 635957 torch/_dynamo/convert_frame.py:1743] [17/64] torch._dynamo hit config.recompile_limit (64)
[rank6]:W0831 09:58:58.918000 635957 torch/_dynamo/convert_frame.py:1743] [17/64]    function: 'torch_dynamo_resume_in__flash_attn_fwd_at_406' (/usr/local/lib/python3.12/dist-packages/flash_attn/cute/interface.py:406)
[rank6]:W0831 09:58:58.918000 635957 torch/_dynamo/convert_frame.py:1743] [17/64]    last reason: 17/63: batch_size == 109                                        # total_mblocks = batch_size * num_head_kv * num_m_blocks  # flash_attn/cute/interface.py:541 in torch_dynamo_resume_in__flash_attn_fwd_at_406
[rank6]:W0831 09:58:58.918000 635957 torch/_dynamo/convert_frame.py:1743] [17/64] User stack trace:
[rank6]:W0831 09:58:58.918000 635957 torch/_dynamo/convert_frame.py:1743] [17/64]   File "/usr/local/lib/python3.12/dist-packages/flash_attn/cute/interface.py", line 541, in torch_dynamo_resume_in__flash_attn_fwd_at_406
[rank6]:W0831 09:58:58.918000 635957 torch/_dynamo/convert_frame.py:1743] [17/64]     total_mblocks = batch_size * num_head_kv * num_m_blocks
[rank6]:W0831 09:58:58.918000 635957 torch/_dynamo/convert_frame.py:1743] [17/64] To log all recompilation reasons, use TORCH_LOGS="recompiles".
[rank6]:W0831 09:58:58.918000 635957 torch/_dynamo/convert_frame.py:1743] [17/64] To diagnose recompilation issues, see https://docs.pytorch.org/docs/main/user_guide/torch_compiler/compile/programming_model.recompilation.html
[rank0]:W0831 09:58:59.042000 635951 torch/_dynamo/convert_frame.py:1743] [17/64] torch._dynamo hit config.recompile_limit (64)
[rank0]:W0831 09:58:59.042000 635951 torch/_dynamo/convert_frame.py:1743] [17/64]    function: 'torch_dynamo_resume_in__flash_attn_fwd_at_406' (/usr/local/lib/python3.12/dist-packages/flash_attn/cute/interface.py:406)
[rank0]:W0831 09:58:59.042000 635951 torch/_dynamo/convert_frame.py:1743] [17/64]    last reason: 17/63: batch_size == 83                                         # total_mblocks = batch_size * num_head_kv * num_m_blocks  # flash_attn/cute/interface.py:541 in torch_dynamo_resume_in__flash_attn_fwd_at_406
[rank0]:W0831 09:58:59.042000 635951 torch/_dynamo/convert_frame.py:1743] [17/64] User stack trace:
[rank0]:W0831 09:58:59.042000 635951 torch/_dynamo/convert_frame.py:1743] [17/64]   File "/usr/local/lib/python3.12/dist-packages/flash_attn/cute/interface.py", line 541, in torch_dynamo_resume_in__flash_attn_fwd_at_406
[rank0]:W0831 09:58:59.042000 635951 torch/_dynamo/convert_frame.py:1743] [17/64]     total_mblocks = batch_size * num_head_kv * num_m_blocks
[rank0]:W0831 09:58:59.042000 635951 torch/_dynamo/convert_frame.py:1743] [17/64] To log all recompilation reasons, use TORCH_LOGS="recompiles".
[rank0]:W0831 09:58:59.042000 635951 torch/_dynamo/convert_frame.py:1743] [17/64] To diagnose recompilation issues, see https://docs.pytorch.org/docs/main/user_guide/torch_compiler/compile/programming_model.recompilation.html
[rank2]:W0831 09:58:59.668000 635953 torch/_dynamo/convert_frame.py:1743] [17/64] torch._dynamo hit config.recompile_limit (64)
[rank2]:W0831 09:58:59.668000 635953 torch/_dynamo/convert_frame.py:1743] [17/64]    function: 'torch_dynamo_resume_in__flash_attn_fwd_at_406' (/usr/local/lib/python3.12/dist-packages/flash_attn/cute/interface.py:406)
[rank2]:W0831 09:58:59.668000 635953 torch/_dynamo/convert_frame.py:1743] [17/64]    last reason: 17/59: batch_size == 92                                         # total_mblocks = batch_size * num_head_kv * num_m_blocks  # flash_attn/cute/interface.py:541 in torch_dynamo_resume_in__flash_attn_fwd_at_406
[rank2]:W0831 09:58:59.668000 635953 torch/_dynamo/convert_frame.py:1743] [17/64] User stack trace:
[rank2]:W0831 09:58:59.668000 635953 torch/_dynamo/convert_frame.py:1743] [17/64]   File "/usr/local/lib/python3.12/dist-packages/flash_attn/cute/interface.py", line 541, in torch_dynamo_resume_in__flash_attn_fwd_at_406
[rank2]:W0831 09:58:59.668000 635953 torch/_dynamo/convert_frame.py:1743] [17/64]     total_mblocks = batch_size * num_head_kv * num_m_blocks
[rank2]:W0831 09:58:59.668000 635953 torch/_dynamo/convert_frame.py:1743] [17/64] To log all recompilation reasons, use TORCH_LOGS="recompiles".
[rank2]:W0831 09:58:59.668000 635953 torch/_dynamo/convert_frame.py:1743] [17/64] To diagnose recompilation issues, see https://docs.pytorch.org/docs/main/user_guide/torch_compiler/compile/programming_model.recompilation.html
[rank5]:W0831 09:59:00.201000 635956 torch/_dynamo/convert_frame.py:1743] [17/64] torch._dynamo hit config.recompile_limit (64)
[rank5]:W0831 09:59:00.201000 635956 torch/_dynamo/convert_frame.py:1743] [17/64]    function: 'torch_dynamo_resume_in__flash_attn_fwd_at_406' (/usr/local/lib/python3.12/dist-packages/flash_attn/cute/interface.py:406)
[rank5]:W0831 09:59:00.201000 635956 torch/_dynamo/convert_frame.py:1743] [17/64]    last reason: 17/59: batch_size == 92                                         # total_mblocks = batch_size * num_head_kv * num_m_blocks  # flash_attn/cute/interface.py:541 in torch_dynamo_resume_in__flash_attn_fwd_at_406
[rank5]:W0831 09:59:00.201000 635956 torch/_dynamo/convert_frame.py:1743] [17/64] User stack trace:
[rank5]:W0831 09:59:00.201000 635956 torch/_dynamo/convert_frame.py:1743] [17/64]   File "/usr/local/lib/python3.12/dist-packages/flash_attn/cute/interface.py", line 541, in torch_dynamo_resume_in__flash_attn_fwd_at_406
[rank5]:W0831 09:59:00.201000 635956 torch/_dynamo/convert_frame.py:1743] [17/64]     total_mblocks = batch_size * num_head_kv * num_m_blocks
[rank5]:W0831 09:59:00.201000 635956 torch/_dynamo/convert_frame.py:1743] [17/64] To log all recompilation reasons, use TORCH_LOGS="recompiles".
[rank5]:W0831 09:59:00.201000 635956 torch/_dynamo/convert_frame.py:1743] [17/64] To diagnose recompilation issues, see https://docs.pytorch.org/docs/main/user_guide/torch_compiler/compile/programming_model.recompilation.html
[rank1]:W0831 09:59:01.777000 635952 torch/_dynamo/convert_frame.py:1743] [17/64] torch._dynamo hit config.recompile_limit (64)
[rank1]:W0831 09:59:01.777000 635952 torch/_dynamo/convert_frame.py:1743] [17/64]    function: 'torch_dynamo_resume_in__flash_attn_fwd_at_406' (/usr/local/lib/python3.12/dist-packages/flash_attn/cute/interface.py:406)
[rank1]:W0831 09:59:01.777000 635952 torch/_dynamo/convert_frame.py:1743] [17/64]    last reason: 17/63: batch_size == 105                                        # total_mblocks = batch_size * num_head_kv * num_m_blocks  # flash_attn/cute/interface.py:541 in torch_dynamo_resume_in__flash_attn_fwd_at_406
[rank1]:W0831 09:59:01.777000 635952 torch/_dynamo/convert_frame.py:1743] [17/64] User stack trace:
[rank1]:W0831 09:59:01.777000 635952 torch/_dynamo/convert_frame.py:1743] [17/64]   File "/usr/local/lib/python3.12/dist-packages/flash_attn/cute/interface.py", line 541, in torch_dynamo_resume_in__flash_attn_fwd_at_406
[rank1]:W0831 09:59:01.777000 635952 torch/_dynamo/convert_frame.py:1743] [17/64]     total_mblocks = batch_size * num_head_kv * num_m_blocks
[rank1]:W0831 09:59:01.777000 635952 torch/_dynamo/convert_frame.py:1743] [17/64] To log all recompilation reasons, use TORCH_LOGS="recompiles".
[rank1]:W0831 09:59:01.777000 635952 torch/_dynamo/convert_frame.py:1743] [17/64] To diagnose recompilation issues, see https://docs.pytorch.org/docs/main/user_guide/torch_compiler/compile/programming_model.recompilation.html
[rank3]:W0831 09:59:02.761000 635954 torch/_dynamo/convert_frame.py:1743] [17/64] torch._dynamo hit config.recompile_limit (64)
[rank3]:W0831 09:59:02.761000 635954 torch/_dynamo/convert_frame.py:1743] [17/64]    function: 'torch_dynamo_resume_in__flash_attn_fwd_at_406' (/usr/local/lib/python3.12/dist-packages/flash_attn/cute/interface.py:406)
[rank3]:W0831 09:59:02.761000 635954 torch/_dynamo/convert_frame.py:1743] [17/64]    last reason: 17/63: batch_size == 113                                        # total_mblocks = batch_size * num_head_kv * num_m_blocks  # flash_attn/cute/interface.py:541 in torch_dynamo_resume_in__flash_attn_fwd_at_406
[rank3]:W0831 09:59:02.761000 635954 torch/_dynamo/convert_frame.py:1743] [17/64] User stack trace:
[rank3]:W0831 09:59:02.761000 635954 torch/_dynamo/convert_frame.py:1743] [17/64]   File "/usr/local/lib/python3.12/dist-packages/flash_attn/cute/interface.py", line 541, in torch_dynamo_resume_in__flash_attn_fwd_at_406
[rank3]:W0831 09:59:02.761000 635954 torch/_dynamo/convert_frame.py:1743] [17/64]     total_mblocks = batch_size * num_head_kv * num_m_blocks
[rank3]:W0831 09:59:02.761000 635954 torch/_dynamo/convert_frame.py:1743] [17/64] To log all recompilation reasons, use TORCH_LOGS="recompiles".
[rank3]:W0831 09:59:02.761000 635954 torch/_dynamo/convert_frame.py:1743] [17/64] To diagnose recompilation issues, see https://docs.pytorch.org/docs/main/user_guide/torch_compiler/compile/programming_model.recompilation.html
[rank4]:W0831 09:59:03.459000 635955 torch/_dynamo/convert_frame.py:1743] [17/64] torch._dynamo hit config.recompile_limit (64)
[rank4]:W0831 09:59:03.459000 635955 torch/_dynamo/convert_frame.py:1743] [17/64]    function: 'torch_dynamo_resume_in__flash_attn_fwd_at_406' (/usr/local/lib/python3.12/dist-packages/flash_attn/cute/interface.py:406)
[rank4]:W0831 09:59:03.459000 635955 torch/_dynamo/convert_frame.py:1743] [17/64]    last reason: 17/63: batch_size == 68                                         # total_mblocks = batch_size * num_head_kv * num_m_blocks  # flash_attn/cute/interface.py:541 in torch_dynamo_resume_in__flash_attn_fwd_at_406
[rank4]:W0831 09:59:03.459000 635955 torch/_dynamo/convert_frame.py:1743] [17/64] User stack trace:
[rank4]:W0831 09:59:03.459000 635955 torch/_dynamo/convert_frame.py:1743] [17/64]   File "/usr/local/lib/python3.12/dist-packages/flash_attn/cute/interface.py", line 541, in torch_dynamo_resume_in__flash_attn_fwd_at_406
[rank4]:W0831 09:59:03.459000 635955 torch/_dynamo/convert_frame.py:1743] [17/64]     total_mblocks = batch_size * num_head_kv * num_m_blocks
[rank4]:W0831 09:59:03.459000 635955 torch/_dynamo/convert_frame.py:1743] [17/64] To log all recompilation reasons, use TORCH_LOGS="recompiles".
[rank4]:W0831 09:59:03.459000 635955 torch/_dynamo/convert_frame.py:1743] [17/64] To diagnose recompilation issues, see https://docs.pytorch.org/docs/main/user_guide/torch_compiler/compile/programming_model.recompilation.html
ep 1/1 train 5.534 val 5.623 166s
saved /work/aupai/ckpt_t52_p1_base.pt
/work/aupai/runs/t52_p1_base.log: no curves found
