0, 0 MiB
1, 0 MiB
2, 0 MiB
3, 0 MiB
4, 0 MiB
5, 0 MiB
6, 43095 MiB
7, 0 MiB
0, 0 MiB
1, 0 MiB
2, 0 MiB
3, 0 MiB
4, 0 MiB
5, 0 MiB
6, 43095 MiB
7, 0 MiB
0, 0 MiB
1, 0 MiB
2, 0 MiB
3, 0 MiB
4, 0 MiB
5, 0 MiB
6, 43095 MiB
7, 0 MiB
0, 0 MiB
1, 0 MiB
2, 0 MiB
3, 0 MiB
4, 0 MiB
5, 0 MiB
6, 43095 MiB
7, 0 MiB
0, 0 MiB
1, 0 MiB
2, 0 MiB
3, 0 MiB
4, 0 MiB
5, 0 MiB
6, 43095 MiB
7, 0 MiB
0, 0 MiB
1, 0 MiB
2, 0 MiB
3, 0 MiB
4, 0 MiB
5, 0 MiB
6, 43095 MiB
7, 0 MiB
0, 0 MiB
1, 0 MiB
2, 0 MiB
3, 0 MiB
4, 0 MiB
5, 0 MiB
6, 43095 MiB
7, 0 MiB
0, 0 MiB
1, 0 MiB
2, 0 MiB
3, 0 MiB
4, 0 MiB
5, 0 MiB
6, 43095 MiB
7, 0 MiB
0, 0 MiB
1, 0 MiB
2, 0 MiB
3, 0 MiB
4, 0 MiB
5, 0 MiB
6, 43095 MiB
7, 0 MiB
0, 0 MiB
1, 0 MiB
2, 0 MiB
3, 0 MiB
4, 0 MiB
5, 0 MiB
6, 43095 MiB
7, 0 MiB
0, 0 MiB
1, 0 MiB
2, 0 MiB
3, 0 MiB
4, 0 MiB
5, 0 MiB
6, 43095 MiB
7, 0 MiB
0, 0 MiB
1, 0 MiB
2, 0 MiB
3, 0 MiB
4, 0 MiB
5, 0 MiB
6, 43095 MiB
7, 0 MiB
0, 0 MiB
1, 0 MiB
2, 0 MiB
3, 0 MiB
4, 0 MiB
5, 0 MiB
6, 43095 MiB
7, 0 MiB
0, 0 MiB
1, 0 MiB
2, 0 MiB
3, 0 MiB
4, 0 MiB
5, 0 MiB
6, 43095 MiB
7, 0 MiB
0, 0 MiB
1, 0 MiB
2, 0 MiB
3, 0 MiB
4, 0 MiB
5, 0 MiB
6, 43095 MiB
7, 0 MiB
0, 0 MiB
1, 0 MiB
2, 0 MiB
3, 0 MiB
4, 0 MiB
5, 0 MiB
6, 43095 MiB
7, 0 MiB
0, 0 MiB
1, 0 MiB
2, 0 MiB
3, 0 MiB
4, 0 MiB
5, 0 MiB
6, 43095 MiB
7, 0 MiB
0, 0 MiB
1, 0 MiB
2, 0 MiB
3, 0 MiB
4, 0 MiB
5, 0 MiB
6, 43095 MiB
7, 0 MiB
0, 0 MiB
1, 0 MiB
2, 0 MiB
3, 0 MiB
4, 0 MiB
5, 0 MiB
6, 43095 MiB
7, 0 MiB
0, 0 MiB
1, 0 MiB
2, 0 MiB
3, 0 MiB
4, 0 MiB
5, 0 MiB
6, 43095 MiB
7, 0 MiB
0, 0 MiB
1, 0 MiB
2, 0 MiB
3, 0 MiB
4, 0 MiB
5, 0 MiB
6, 43095 MiB
7, 0 MiB
0, 0 MiB
1, 0 MiB
2, 0 MiB
3, 0 MiB
4, 0 MiB
5, 0 MiB
6, 43095 MiB
7, 0 MiB
0, 0 MiB
1, 0 MiB
2, 0 MiB
3, 0 MiB
4, 0 MiB
5, 0 MiB
6, 43095 MiB
7, 0 MiB
0, 0 MiB
1, 0 MiB
2, 0 MiB
3, 0 MiB
4, 0 MiB
5, 0 MiB
6, 43095 MiB
7, 0 MiB
0, 0 MiB
1, 0 MiB
2, 0 MiB
3, 0 MiB
4, 0 MiB
5, 0 MiB
6, 43095 MiB
7, 0 MiB
0, 0 MiB
1, 0 MiB
2, 0 MiB
3, 0 MiB
4, 0 MiB
5, 0 MiB
6, 43095 MiB
7, 0 MiB
0, 0 MiB
1, 0 MiB
2, 0 MiB
3, 0 MiB
4, 0 MiB
5, 0 MiB
6, 43095 MiB
7, 0 MiB
0, 0 MiB
1, 0 MiB
2, 0 MiB
3, 0 MiB
4, 0 MiB
5, 0 MiB
6, 43095 MiB
7, 0 MiB
0, 0 MiB
1, 0 MiB
2, 0 MiB
3, 0 MiB
4, 0 MiB
5, 0 MiB
6, 43095 MiB
7, 0 MiB
0, 0 MiB
1, 0 MiB
2, 0 MiB
3, 0 MiB
4, 0 MiB
5, 0 MiB
6, 43095 MiB
7, 0 MiB
0, 0 MiB
1, 0 MiB
2, 0 MiB
3, 0 MiB
4, 0 MiB
5, 0 MiB
6, 43095 MiB
7, 0 MiB
0, 0 MiB
1, 0 MiB
2, 0 MiB
3, 0 MiB
4, 0 MiB
5, 0 MiB
6, 43095 MiB
7, 0 MiB
0, 3 MiB
1, 3 MiB
2, 0 MiB
3, 0 MiB
4, 0 MiB
5, 0 MiB
6, 43095 MiB
7, 0 MiB
0, 3 MiB
1, 3 MiB
2, 0 MiB
3, 0 MiB
4, 0 MiB
5, 0 MiB
6, 43095 MiB
7, 0 MiB
0, 323 MiB
1, 381 MiB
2, 0 MiB
3, 0 MiB
4, 0 MiB
5, 0 MiB
6, 43095 MiB
7, 0 MiB
0, 323 MiB
1, 381 MiB
2, 0 MiB
3, 0 MiB
4, 0 MiB
5, 0 MiB
6, 43095 MiB
7, 0 MiB
0, 323 MiB
1, 381 MiB
2, 0 MiB
3, 0 MiB
4, 0 MiB
5, 0 MiB
6, 43095 MiB
7, 0 MiB
0, 1179 MiB
1, 1179 MiB
2, 0 MiB
3, 0 MiB
4, 0 MiB
5, 0 MiB
6, 43095 MiB
7, 0 MiB
0, 1179 MiB
1, 1179 MiB
2, 0 MiB
3, 0 MiB
4, 0 MiB
5, 0 MiB
6, 43095 MiB
7, 0 MiB
0, 1179 MiB
1, 1179 MiB
2, 0 MiB
3, 0 MiB
4, 0 MiB
5, 0 MiB
6, 43095 MiB
7, 0 MiB
0, 1179 MiB
1, 1179 MiB
2, 0 MiB
3, 0 MiB
4, 0 MiB
5, 0 MiB
6, 43095 MiB
7, 0 MiB
0, 1179 MiB
1, 1179 MiB
2, 0 MiB
3, 0 MiB
4, 0 MiB
5, 0 MiB
6, 43095 MiB
7, 0 MiB
0, 1179 MiB
1, 1179 MiB
2, 0 MiB
3, 0 MiB
4, 0 MiB
5, 0 MiB
6, 43095 MiB
7, 0 MiB
0, 1179 MiB
1, 1179 MiB
2, 0 MiB
3, 0 MiB
4, 0 MiB
5, 0 MiB
6, 43095 MiB
7, 0 MiB
0, 1179 MiB
1, 1179 MiB
2, 0 MiB
3, 0 MiB
4, 0 MiB
5, 0 MiB
6, 43095 MiB
7, 0 MiB
0, 12415 MiB
1, 10087 MiB
2, 0 MiB
3, 0 MiB
4, 0 MiB
5, 0 MiB
6, 43095 MiB
7, 0 MiB
0, 13821 MiB
1, 13821 MiB
2, 0 MiB
3, 0 MiB
4, 0 MiB
5, 0 MiB
6, 43095 MiB
7, 0 MiB
0, 13821 MiB
1, 13821 MiB
2, 0 MiB
3, 0 MiB
4, 0 MiB
5, 0 MiB
6, 43095 MiB
7, 0 MiB
0, 13821 MiB
1, 13821 MiB
2, 0 MiB
3, 0 MiB
4, 0 MiB
5, 0 MiB
6, 43095 MiB
7, 0 MiB
0, 13821 MiB
1, 13821 MiB
2, 0 MiB
3, 0 MiB
4, 0 MiB
5, 0 MiB
6, 43095 MiB
7, 0 MiB
0, 13821 MiB
1, 13821 MiB
2, 0 MiB
3, 0 MiB
4, 0 MiB
5, 0 MiB
6, 43095 MiB
7, 0 MiB
0, 14009 MiB
1, 14009 MiB
2, 0 MiB
3, 0 MiB
4, 0 MiB
5, 0 MiB
6, 43095 MiB
7, 0 MiB
0, 15109 MiB
1, 15109 MiB
2, 0 MiB
3, 0 MiB
4, 0 MiB
5, 0 MiB
6, 43095 MiB
7, 0 MiB
0, 15109 MiB
1, 15109 MiB
2, 0 MiB
3, 0 MiB
4, 0 MiB
5, 0 MiB
6, 43095 MiB
7, 0 MiB
0, 15109 MiB
1, 15109 MiB
2, 0 MiB
3, 0 MiB
4, 0 MiB
5, 0 MiB
6, 43095 MiB
7, 0 MiB
0, 15109 MiB
1, 15109 MiB
2, 0 MiB
3, 0 MiB
4, 0 MiB
5, 0 MiB
6, 43095 MiB
7, 0 MiB
0, 15109 MiB
1, 15109 MiB
2, 0 MiB
3, 0 MiB
4, 0 MiB
5, 0 MiB
6, 43095 MiB
7, 0 MiB
0, 15109 MiB
1, 15109 MiB
2, 0 MiB
3, 0 MiB
4, 0 MiB
5, 0 MiB
6, 43095 MiB
7, 0 MiB
0, 15109 MiB
1, 15109 MiB
2, 0 MiB
3, 0 MiB
4, 0 MiB
5, 0 MiB
6, 43095 MiB
7, 0 MiB
0, 15109 MiB
1, 15109 MiB
2, 0 MiB
3, 0 MiB
4, 0 MiB
5, 0 MiB
6, 43095 MiB
7, 0 MiB
0, 15109 MiB
1, 15109 MiB
2, 0 MiB
3, 0 MiB
4, 0 MiB
5, 0 MiB
6, 43095 MiB
7, 0 MiB
0, 15109 MiB
1, 15109 MiB
2, 0 MiB
3, 0 MiB
4, 0 MiB
5, 0 MiB
6, 43095 MiB
7, 0 MiB
0, 15109 MiB
1, 15109 MiB
2, 0 MiB
3, 0 MiB
4, 0 MiB
5, 0 MiB
6, 43095 MiB
7, 0 MiB
0, 15109 MiB
1, 15109 MiB
2, 0 MiB
3, 0 MiB
4, 0 MiB
5, 0 MiB
6, 43095 MiB
7, 0 MiB
0, 15109 MiB
1, 15109 MiB
2, 0 MiB
3, 0 MiB
4, 0 MiB
5, 0 MiB
6, 43095 MiB
7, 0 MiB
0, 15109 MiB
1, 15109 MiB
2, 0 MiB
3, 0 MiB
4, 0 MiB
5, 0 MiB
6, 43095 MiB
7, 0 MiB
0, 15109 MiB
1, 15109 MiB
2, 0 MiB
3, 0 MiB
4, 0 MiB
5, 0 MiB
6, 43095 MiB
7, 0 MiB
0, 15949 MiB
1, 15109 MiB
2, 0 MiB
3, 0 MiB
4, 0 MiB
5, 0 MiB
6, 43095 MiB
7, 0 MiB
0, 39923 MiB
1, 17193 MiB
2, 0 MiB
3, 0 MiB
4, 0 MiB
5, 0 MiB
6, 43095 MiB
7, 0 MiB
0, 39923 MiB
1, 39923 MiB
2, 0 MiB
3, 0 MiB
4, 0 MiB
5, 0 MiB
6, 43095 MiB
7, 0 MiB
0, 39923 MiB
1, 39923 MiB
2, 0 MiB
3, 0 MiB
4, 0 MiB
5, 0 MiB
6, 43095 MiB
7, 0 MiB
0, 39923 MiB
1, 39923 MiB
2, 0 MiB
3, 0 MiB
4, 0 MiB
5, 0 MiB
6, 43095 MiB
7, 0 MiB
0, 39923 MiB
1, 40023 MiB
2, 0 MiB
3, 0 MiB
4, 0 MiB
5, 0 MiB
6, 43095 MiB
7, 0 MiB
0, 40043 MiB
1, 45843 MiB
2, 0 MiB
3, 0 MiB
4, 0 MiB
5, 0 MiB
6, 43095 MiB
7, 0 MiB
0, 40045 MiB
1, 45843 MiB
2, 0 MiB
3, 0 MiB
4, 0 MiB
5, 0 MiB
6, 43095 MiB
7, 0 MiB
0, 45845 MiB
1, 45843 MiB
2, 0 MiB
3, 0 MiB
4, 0 MiB
5, 0 MiB
6, 43095 MiB
7, 0 MiB
0, 45845 MiB
1, 45843 MiB
2, 0 MiB
3, 0 MiB
4, 0 MiB
5, 0 MiB
6, 43095 MiB
7, 0 MiB
0, 63125 MiB
1, 62425 MiB
2, 0 MiB
3, 0 MiB
4, 0 MiB
5, 0 MiB
6, 43095 MiB
7, 0 MiB
0, 63159 MiB
1, 62459 MiB
2, 0 MiB
3, 0 MiB
4, 0 MiB
5, 0 MiB
6, 43095 MiB
7, 0 MiB
0, 63159 MiB
1, 62459 MiB
2, 0 MiB
3, 0 MiB
4, 0 MiB
5, 0 MiB
6, 43095 MiB
7, 0 MiB
0, 68919 MiB
1, 66219 MiB
2, 0 MiB
3, 0 MiB
4, 0 MiB
5, 0 MiB
6, 43095 MiB
7, 0 MiB
0, 68919 MiB
1, 66219 MiB
2, 0 MiB
3, 0 MiB
4, 0 MiB
5, 0 MiB
6, 43095 MiB
7, 0 MiB
0, 68921 MiB
1, 66219 MiB
2, 0 MiB
3, 0 MiB
4, 0 MiB
5, 0 MiB
6, 43095 MiB
7, 0 MiB
0, 68921 MiB
1, 66219 MiB
2, 0 MiB
3, 0 MiB
4, 0 MiB
5, 0 MiB
6, 43095 MiB
7, 0 MiB
0, 68921 MiB
1, 68081 MiB
2, 0 MiB
3, 0 MiB
4, 0 MiB
5, 0 MiB
6, 43095 MiB
7, 0 MiB
0, 68921 MiB
1, 68081 MiB
2, 0 MiB
3, 0 MiB
4, 0 MiB
5, 0 MiB
6, 43095 MiB
7, 0 MiB
0, 68921 MiB
1, 68081 MiB
2, 0 MiB
3, 0 MiB
4, 0 MiB
5, 0 MiB
6, 43095 MiB
7, 0 MiB
0, 68921 MiB
1, 68601 MiB
2, 0 MiB
3, 0 MiB
4, 0 MiB
5, 0 MiB
6, 43095 MiB
7, 0 MiB
0, 68921 MiB
1, 68921 MiB
2, 0 MiB
3, 0 MiB
4, 0 MiB
5, 0 MiB
6, 43095 MiB
7, 0 MiB
0, 68921 MiB
1, 68921 MiB
2, 0 MiB
3, 0 MiB
4, 0 MiB
5, 0 MiB
6, 43095 MiB
7, 0 MiB
0, 68921 MiB
1, 68921 MiB
2, 0 MiB
3, 0 MiB
4, 0 MiB
5, 0 MiB
6, 43095 MiB
7, 0 MiB
0, 68921 MiB
1, 68921 MiB
2, 0 MiB
3, 0 MiB
4, 0 MiB
5, 0 MiB
6, 43095 MiB
7, 0 MiB
0, 68921 MiB
1, 68921 MiB
2, 0 MiB
3, 0 MiB
4, 0 MiB
5, 0 MiB
6, 43095 MiB
7, 0 MiB
0, 68921 MiB
1, 68921 MiB
2, 0 MiB
3, 0 MiB
4, 0 MiB
5, 0 MiB
6, 43095 MiB
7, 0 MiB
0, 68921 MiB
1, 68921 MiB
2, 0 MiB
3, 0 MiB
4, 0 MiB
5, 0 MiB
6, 43095 MiB
7, 0 MiB
0, 68923 MiB
1, 68923 MiB
2, 0 MiB
3, 0 MiB
4, 0 MiB
5, 0 MiB
6, 43095 MiB
7, 0 MiB
0, 68923 MiB
1, 68923 MiB
2, 0 MiB
3, 0 MiB
4, 0 MiB
5, 0 MiB
6, 43095 MiB
7, 0 MiB
0, 68923 MiB
1, 68923 MiB
2, 0 MiB
3, 0 MiB
4, 0 MiB
5, 0 MiB
6, 43095 MiB
7, 0 MiB
0, 68923 MiB
1, 68923 MiB
2, 0 MiB
3, 0 MiB
4, 0 MiB
5, 0 MiB
6, 43095 MiB
7, 0 MiB
0, 68923 MiB
1, 68923 MiB
2, 0 MiB
3, 0 MiB
4, 0 MiB
5, 0 MiB
6, 43095 MiB
7, 0 MiB
0, 68923 MiB
1, 68923 MiB
2, 0 MiB
3, 0 MiB
4, 0 MiB
5, 0 MiB
6, 43095 MiB
7, 0 MiB
0, 68923 MiB
1, 68923 MiB
2, 0 MiB
3, 0 MiB
4, 0 MiB
5, 0 MiB
6, 43095 MiB
7, 0 MiB
0, 68923 MiB
1, 68923 MiB
2, 0 MiB
3, 0 MiB
4, 0 MiB
5, 0 MiB
6, 43095 MiB
7, 0 MiB
0, 68923 MiB
1, 68923 MiB
2, 0 MiB
3, 0 MiB
4, 0 MiB
5, 0 MiB
6, 43095 MiB
7, 0 MiB
0, 68923 MiB
1, 68923 MiB
2, 0 MiB
3, 0 MiB
4, 0 MiB
5, 0 MiB
6, 43095 MiB
7, 0 MiB
0, 68923 MiB
1, 68923 MiB
2, 0 MiB
3, 0 MiB
4, 0 MiB
5, 0 MiB
6, 43095 MiB
7, 0 MiB
0, 68923 MiB
1, 68923 MiB
2, 0 MiB
3, 0 MiB
4, 0 MiB
5, 0 MiB
6, 43095 MiB
7, 0 MiB
0, 68923 MiB
1, 68923 MiB
2, 0 MiB
3, 0 MiB
4, 0 MiB
5, 0 MiB
6, 43095 MiB
7, 0 MiB
0, 68923 MiB
1, 68923 MiB
2, 0 MiB
3, 0 MiB
4, 0 MiB
5, 0 MiB
6, 43095 MiB
7, 0 MiB
0, 68923 MiB
1, 68923 MiB
2, 0 MiB
3, 0 MiB
4, 0 MiB
5, 0 MiB
6, 43095 MiB
7, 0 MiB
0, 68923 MiB
1, 68923 MiB
2, 0 MiB
3, 0 MiB
4, 0 MiB
5, 0 MiB
6, 43095 MiB
7, 0 MiB
0, 68923 MiB
1, 68923 MiB
2, 0 MiB
3, 0 MiB
4, 0 MiB
5, 0 MiB
6, 43095 MiB
7, 0 MiB
